Loading model from /home/neehal/preconditioned_linear_attention/3rdparty/flame/exp/x_sweep/gdn_allow_neg_eigval...

============================================================
Evaluating at sequence length: 1024
============================================================

  Needle depth: 0%
    Accuracy: 80.0% (40/50)

  Needle depth: 25%
    Accuracy: 92.0% (46/50)

  Needle depth: 50%
    Accuracy: 88.0% (44/50)

  Needle depth: 75%
    Accuracy: 84.0% (42/50)

  Needle depth: 100%
    Accuracy: 34.0% (17/50)

  Overall accuracy at 1024: 75.6%

================================================================================
RULER Evaluation Results: uuid_retrieval
Model: /home/neehal/preconditioned_linear_attention/3rdparty/flame/exp/x_sweep/gdn_allow_neg_eigval
================================================================================
Seq Length | Depth 0% | Depth 25% | Depth 50% | Depth 75% | Depth 100% | Overall
--------------------------------------------------------------------------------
      1024 |    80.0%  |    92.0%  |    88.0%  |    84.0%  |    34.0%  | 75.6%
--------------------------------------------------------------------------------
Overall Accuracy: 75.6%

Results saved to: /home/neehal/preconditioned_linear_attention/evals/results/gdn_allow_neg_eigval/ruler/ruler_uuid_retrieval_gdn_allow_neg_eigval_2026-01-25_02-27-24.json
RULER uuid_retrieval evaluation completed: seq_len=1024 on gdn_allow_neg_eigval
