Loading model from /home/neehal/preconditioned_linear_attention/3rdparty/flame/exp/x_sweep/gdn_allow_neg_eigval...

============================================================
Evaluating at sequence length: 2048
============================================================

  Needle depth: 0%
    Accuracy: 56.0% (28/50)

  Needle depth: 25%
    Accuracy: 80.0% (40/50)

  Needle depth: 50%
    Accuracy: 74.0% (37/50)

  Needle depth: 75%
    Accuracy: 84.0% (42/50)

  Needle depth: 100%
    Accuracy: 84.0% (42/50)

  Overall accuracy at 2048: 75.6%

================================================================================
RULER Evaluation Results: kv_retrieval
Model: /home/neehal/preconditioned_linear_attention/3rdparty/flame/exp/x_sweep/gdn_allow_neg_eigval
================================================================================
Seq Length | Depth 0% | Depth 25% | Depth 50% | Depth 75% | Depth 100% | Overall
--------------------------------------------------------------------------------
      2048 |    56.0%  |    80.0%  |    74.0%  |    84.0%  |    84.0%  | 75.6%
--------------------------------------------------------------------------------
Overall Accuracy: 75.6%

Results saved to: /home/neehal/preconditioned_linear_attention/evals/results/gdn_allow_neg_eigval/ruler/ruler_kv_retrieval_gdn_allow_neg_eigval_2026-01-25_02-28-02.json
RULER kv_retrieval evaluation completed: seq_len=2048 on gdn_allow_neg_eigval
