Loading model from /home/neehal/preconditioned_linear_attention/pla_language_baselines/gated_deltanet_seq2048_lr4e4...

============================================================
Evaluating at sequence length: 2048
============================================================

  Needle depth: 0%
    Accuracy: 52.0% (26/50)

  Needle depth: 25%
    Accuracy: 48.0% (24/50)

  Needle depth: 50%
    Accuracy: 50.0% (25/50)

  Needle depth: 75%
    Accuracy: 68.0% (34/50)

  Needle depth: 100%
    Accuracy: 52.0% (26/50)

  Overall accuracy at 2048: 54.0%

================================================================================
RULER Evaluation Results: uuid_retrieval
Model: /home/neehal/preconditioned_linear_attention/pla_language_baselines/gated_deltanet_seq2048_lr4e4
================================================================================
Seq Length | Depth 0% | Depth 25% | Depth 50% | Depth 75% | Depth 100% | Overall
--------------------------------------------------------------------------------
      2048 |    52.0%  |    48.0%  |    50.0%  |    68.0%  |    52.0%  | 54.0%
--------------------------------------------------------------------------------
Overall Accuracy: 54.0%

Results saved to: /home/neehal/preconditioned_linear_attention/evals/results/gated_deltanet_seq2048_lr4e4/ruler/ruler_uuid_retrieval_gated_deltanet_seq2048_lr4e4_2026-01-25_02-28-16.json
RULER uuid_retrieval evaluation completed: seq_len=2048 on gated_deltanet_seq2048_lr4e4
