Loading model from /home/neehal/preconditioned_linear_attention/3rdparty/flame/exp/deltanet_baseline_neg_eigval...

============================================================
Evaluating at sequence length: 4096
============================================================

  Needle depth: 0%
    Accuracy: 0.0% (0/50)

  Needle depth: 25%
    Accuracy: 0.0% (0/50)

  Needle depth: 50%
    Accuracy: 0.0% (0/50)

  Needle depth: 75%
    Accuracy: 2.0% (1/50)

  Needle depth: 100%
    Accuracy: 100.0% (50/50)

  Overall accuracy at 4096: 20.4%

================================================================================
RULER Evaluation Results: passkey
Model: /home/neehal/preconditioned_linear_attention/3rdparty/flame/exp/deltanet_baseline_neg_eigval
================================================================================
Seq Length | Depth 0% | Depth 25% | Depth 50% | Depth 75% | Depth 100% | Overall
--------------------------------------------------------------------------------
      4096 |     0.0%  |     0.0%  |     0.0%  |     2.0%  |   100.0%  | 20.4%
--------------------------------------------------------------------------------
Overall Accuracy: 20.4%

Results saved to: /home/neehal/preconditioned_linear_attention/evals/results/deltanet_baseline_neg_eigval/ruler/ruler_passkey_deltanet_baseline_neg_eigval_2026-01-25_02-07-25.json
RULER Evaluation completed: seq_len=4096 on deltanet_baseline_neg_eigval
