Loading model from /home/neehal/preconditioned_linear_attention/3rdparty/flame/exp/x_sweep/kda_allow_neg_eigval...

============================================================
Evaluating at sequence length: 2048
============================================================

  Needle depth: 0%
    Accuracy: 70.0% (35/50)

  Needle depth: 25%
    Accuracy: 74.0% (37/50)

  Needle depth: 50%
    Accuracy: 82.0% (41/50)

  Needle depth: 75%
    Accuracy: 88.0% (44/50)

  Needle depth: 100%
    Accuracy: 98.0% (49/50)

  Overall accuracy at 2048: 82.4%

================================================================================
RULER Evaluation Results: kv_retrieval
Model: /home/neehal/preconditioned_linear_attention/3rdparty/flame/exp/x_sweep/kda_allow_neg_eigval
================================================================================
Seq Length | Depth 0% | Depth 25% | Depth 50% | Depth 75% | Depth 100% | Overall
--------------------------------------------------------------------------------
      2048 |    70.0%  |    74.0%  |    82.0%  |    88.0%  |    98.0%  | 82.4%
--------------------------------------------------------------------------------
Overall Accuracy: 82.4%

Results saved to: /home/neehal/preconditioned_linear_attention/evals/results/kda_allow_neg_eigval/ruler/ruler_kv_retrieval_kda_allow_neg_eigval_2026-01-25_02-28-29.json
RULER kv_retrieval evaluation completed: seq_len=2048 on kda_allow_neg_eigval
