Loading model from /home/neehal/preconditioned_linear_attention/3rdparty/flame/exp/x_sweep/fast_x1p75...

============================================================
Evaluating at sequence length: 1024
============================================================

  Needle depth: 0%
    Accuracy: 56.0% (28/50)

  Needle depth: 25%
    Accuracy: 66.0% (33/50)

  Needle depth: 50%
    Accuracy: 78.0% (39/50)

  Needle depth: 75%
    Accuracy: 66.0% (33/50)

  Needle depth: 100%
    Accuracy: 68.0% (34/50)

  Overall accuracy at 1024: 66.8%

================================================================================
RULER Evaluation Results: uuid_retrieval
Model: /home/neehal/preconditioned_linear_attention/3rdparty/flame/exp/x_sweep/fast_x1p75
================================================================================
Seq Length | Depth 0% | Depth 25% | Depth 50% | Depth 75% | Depth 100% | Overall
--------------------------------------------------------------------------------
      1024 |    56.0%  |    66.0%  |    78.0%  |    66.0%  |    68.0%  | 66.8%
--------------------------------------------------------------------------------
Overall Accuracy: 66.8%

Results saved to: /home/neehal/preconditioned_linear_attention/evals/results/precond_gated_deltanet_fast_x1p75/ruler/ruler_uuid_retrieval_fast_x1p75_2026-01-25_03-17-13.json
RULER uuid_retrieval evaluation completed: seq_len=1024 on precond_gated_deltanet_fast_x1p75
