Loading model from /home/neehal/preconditioned_linear_attention/3rdparty/flame/exp/precond_deltanet_x_sweep_v2/fast_x1p25...

============================================================
Evaluating at sequence length: 1024
============================================================

  Needle depth: 0%
    Accuracy: 0.0% (0/50)

  Needle depth: 25%
    Accuracy: 96.0% (48/50)

  Needle depth: 50%
    Accuracy: 96.0% (48/50)

  Needle depth: 75%
    Accuracy: 96.0% (48/50)

  Needle depth: 100%
    Accuracy: 98.0% (49/50)

  Overall accuracy at 1024: 77.2%

================================================================================
RULER Evaluation Results: passkey
Model: /home/neehal/preconditioned_linear_attention/3rdparty/flame/exp/precond_deltanet_x_sweep_v2/fast_x1p25
================================================================================
Seq Length | Depth 0% | Depth 25% | Depth 50% | Depth 75% | Depth 100% | Overall
--------------------------------------------------------------------------------
      1024 |     0.0%  |    96.0%  |    96.0%  |    96.0%  |    98.0%  | 77.2%
--------------------------------------------------------------------------------
Overall Accuracy: 77.2%

Results saved to: /home/neehal/preconditioned_linear_attention/evals/results/precond_deltanet_fast_x1p25/ruler/ruler_passkey_fast_x1p25_2026-01-25_02-03-32.json
RULER Evaluation completed: seq_len=1024 on precond_deltanet_fast_x1p25
