Loading model from /home/neehal/preconditioned_linear_attention/pla_language_experiments/log_space_sweep_v2/sym_x1p5_fast_init0p2...

============================================================
Evaluating at sequence length: 1024
============================================================

  Needle depth: 0%
    Accuracy: 66.0% (33/50)

  Needle depth: 25%
    Accuracy: 74.0% (37/50)

  Needle depth: 50%
    Accuracy: 80.0% (40/50)

  Needle depth: 75%
    Accuracy: 78.0% (39/50)

  Needle depth: 100%
    Accuracy: 74.0% (37/50)

  Overall accuracy at 1024: 74.4%

================================================================================
RULER Evaluation Results: uuid_retrieval
Model: /home/neehal/preconditioned_linear_attention/pla_language_experiments/log_space_sweep_v2/sym_x1p5_fast_init0p2
================================================================================
Seq Length | Depth 0% | Depth 25% | Depth 50% | Depth 75% | Depth 100% | Overall
--------------------------------------------------------------------------------
      1024 |    66.0%  |    74.0%  |    80.0%  |    78.0%  |    74.0%  | 74.4%
--------------------------------------------------------------------------------
Overall Accuracy: 74.4%

Results saved to: /home/neehal/preconditioned_linear_attention/evals/results/sym_x1p5_fast_init0p2/ruler/ruler_uuid_retrieval_sym_x1p5_fast_init0p2_2026-01-25_02-27-26.json
RULER uuid_retrieval evaluation completed: seq_len=1024 on sym_x1p5_fast_init0p2
