Loading model from /home/neehal/preconditioned_linear_attention/3rdparty/flame/exp/x_sweep/gdn_allow_neg_eigval...

============================================================
Evaluating at sequence length: 4096
============================================================

  Needle depth: 0%
    Accuracy: 78.0% (39/50)

  Needle depth: 25%
    Accuracy: 82.0% (41/50)

  Needle depth: 50%
    Accuracy: 96.0% (48/50)

  Needle depth: 75%
    Accuracy: 88.0% (44/50)

  Needle depth: 100%
    Accuracy: 44.0% (22/50)

  Overall accuracy at 4096: 77.6%

================================================================================
RULER Evaluation Results: uuid_retrieval
Model: /home/neehal/preconditioned_linear_attention/3rdparty/flame/exp/x_sweep/gdn_allow_neg_eigval
================================================================================
Seq Length | Depth 0% | Depth 25% | Depth 50% | Depth 75% | Depth 100% | Overall
--------------------------------------------------------------------------------
      4096 |    78.0%  |    82.0%  |    96.0%  |    88.0%  |    44.0%  | 77.6%
--------------------------------------------------------------------------------
Overall Accuracy: 77.6%

Results saved to: /home/neehal/preconditioned_linear_attention/evals/results/gdn_allow_neg_eigval/ruler/ruler_uuid_retrieval_gdn_allow_neg_eigval_2026-01-25_02-31-43.json
RULER uuid_retrieval evaluation completed: seq_len=4096 on gdn_allow_neg_eigval
