Loading model from /home/neehal/preconditioned_linear_attention/pla_language_experiments/log_space_sweep_v2/sym_x1p5_fast_init0p2...

============================================================
Evaluating at sequence length: 2048
============================================================

  Needle depth: 0%
    Accuracy: 52.0% (26/50)

  Needle depth: 25%
    Accuracy: 56.0% (28/50)

  Needle depth: 50%
    Accuracy: 60.0% (30/50)

  Needle depth: 75%
    Accuracy: 62.0% (31/50)

  Needle depth: 100%
    Accuracy: 68.0% (34/50)

  Overall accuracy at 2048: 59.6%

================================================================================
RULER Evaluation Results: kv_retrieval
Model: /home/neehal/preconditioned_linear_attention/pla_language_experiments/log_space_sweep_v2/sym_x1p5_fast_init0p2
================================================================================
Seq Length | Depth 0% | Depth 25% | Depth 50% | Depth 75% | Depth 100% | Overall
--------------------------------------------------------------------------------
      2048 |    52.0%  |    56.0%  |    60.0%  |    62.0%  |    68.0%  | 59.6%
--------------------------------------------------------------------------------
Overall Accuracy: 59.6%

Results saved to: /home/neehal/preconditioned_linear_attention/evals/results/sym_x1p5_fast_init0p2/ruler/ruler_kv_retrieval_sym_x1p5_fast_init0p2_2026-01-25_02-28-20.json
RULER kv_retrieval evaluation completed: seq_len=2048 on sym_x1p5_fast_init0p2
