Loading model from /home/neehal/preconditioned_linear_attention/3rdparty/flame/exp/x_sweep/fast_x1p25...

============================================================
Evaluating at sequence length: 1024
============================================================

  Needle depth: 0%
    Accuracy: 86.0% (43/50)

  Needle depth: 25%
    Accuracy: 76.0% (38/50)

  Needle depth: 50%
    Accuracy: 96.0% (48/50)

  Needle depth: 75%
    Accuracy: 100.0% (50/50)

  Needle depth: 100%
    Accuracy: 100.0% (50/50)

  Overall accuracy at 1024: 91.6%

================================================================================
RULER Evaluation Results: passkey
Model: /home/neehal/preconditioned_linear_attention/3rdparty/flame/exp/x_sweep/fast_x1p25
================================================================================
Seq Length | Depth 0% | Depth 25% | Depth 50% | Depth 75% | Depth 100% | Overall
--------------------------------------------------------------------------------
      1024 |    86.0%  |    76.0%  |    96.0%  |   100.0%  |   100.0%  | 91.6%
--------------------------------------------------------------------------------
Overall Accuracy: 91.6%

Results saved to: /home/neehal/preconditioned_linear_attention/evals/results/precond_gated_deltanet_fast_x1p25/ruler/ruler_passkey_fast_x1p25_2026-01-25_02-02-41.json
RULER Evaluation completed: seq_len=1024 on precond_gated_deltanet_fast_x1p25
