Loading model from /home/neehal/preconditioned_linear_attention/3rdparty/flame/exp/x_sweep/fast_x1p75...

============================================================
Evaluating at sequence length: 4096
============================================================

  Needle depth: 0%
    Accuracy: 52.0% (26/50)

  Needle depth: 25%
    Accuracy: 62.0% (31/50)

  Needle depth: 50%
    Accuracy: 52.0% (26/50)

  Needle depth: 75%
    Accuracy: 60.0% (30/50)

  Needle depth: 100%
    Accuracy: 72.0% (36/50)

  Overall accuracy at 4096: 59.6%

================================================================================
RULER Evaluation Results: uuid_retrieval
Model: /home/neehal/preconditioned_linear_attention/3rdparty/flame/exp/x_sweep/fast_x1p75
================================================================================
Seq Length | Depth 0% | Depth 25% | Depth 50% | Depth 75% | Depth 100% | Overall
--------------------------------------------------------------------------------
      4096 |    52.0%  |    62.0%  |    52.0%  |    60.0%  |    72.0%  | 59.6%
--------------------------------------------------------------------------------
Overall Accuracy: 59.6%

Results saved to: /home/neehal/preconditioned_linear_attention/evals/results/precond_gated_deltanet_fast_x1p75/ruler/ruler_uuid_retrieval_fast_x1p75_2026-01-25_02-32-31.json
RULER uuid_retrieval evaluation completed: seq_len=4096 on precond_gated_deltanet_fast_x1p75
