Loading model from /home/neehal/preconditioned_linear_attention/3rdparty/flame/exp/deltanet_baseline_neg_eigval...

============================================================
Evaluating at sequence length: 4096
============================================================

  Needle depth: 0%
    Accuracy: 66.0% (33/50)

  Needle depth: 25%
    Accuracy: 78.0% (39/50)

  Needle depth: 50%
    Accuracy: 88.0% (44/50)

  Needle depth: 75%
    Accuracy: 94.0% (47/50)

  Needle depth: 100%
    Accuracy: 94.0% (47/50)

  Overall accuracy at 4096: 84.0%

================================================================================
RULER Evaluation Results: uuid_retrieval
Model: /home/neehal/preconditioned_linear_attention/3rdparty/flame/exp/deltanet_baseline_neg_eigval
================================================================================
Seq Length | Depth 0% | Depth 25% | Depth 50% | Depth 75% | Depth 100% | Overall
--------------------------------------------------------------------------------
      4096 |    66.0%  |    78.0%  |    88.0%  |    94.0%  |    94.0%  | 84.0%
--------------------------------------------------------------------------------
Overall Accuracy: 84.0%

Results saved to: /home/neehal/preconditioned_linear_attention/evals/results/deltanet_baseline_neg_eigval/ruler/ruler_uuid_retrieval_deltanet_baseline_neg_eigval_2026-01-25_02-31-58.json
RULER uuid_retrieval evaluation completed: seq_len=4096 on deltanet_baseline_neg_eigval
