Loading model from /home/neehal/preconditioned_linear_attention/pla_language_baselines/kda_seq2048_lr4e4...

============================================================
Evaluating at sequence length: 2048
============================================================

  Needle depth: 0%
    Accuracy: 2.0% (1/50)

  Needle depth: 25%
    Accuracy: 68.0% (34/50)

  Needle depth: 50%
    Accuracy: 20.0% (10/50)

  Needle depth: 75%
    Accuracy: 24.0% (12/50)

  Needle depth: 100%
    Accuracy: 2.0% (1/50)

  Overall accuracy at 2048: 23.2%

================================================================================
RULER Evaluation Results: uuid_retrieval
Model: /home/neehal/preconditioned_linear_attention/pla_language_baselines/kda_seq2048_lr4e4
================================================================================
Seq Length | Depth 0% | Depth 25% | Depth 50% | Depth 75% | Depth 100% | Overall
--------------------------------------------------------------------------------
      2048 |     2.0%  |    68.0%  |    20.0%  |    24.0%  |     2.0%  | 23.2%
--------------------------------------------------------------------------------
Overall Accuracy: 23.2%

Results saved to: /home/neehal/preconditioned_linear_attention/evals/results/kda_seq2048_lr4e4/ruler/ruler_uuid_retrieval_kda_seq2048_lr4e4_2026-01-25_02-28-39.json
RULER uuid_retrieval evaluation completed: seq_len=2048 on kda_seq2048_lr4e4
