Loading model from /home/neehal/preconditioned_linear_attention/3rdparty/flame/exp/x_sweep/fast_x1p25...

============================================================
Evaluating at sequence length: 2048
============================================================

  Needle depth: 0%
    Accuracy: 54.0% (27/50)

  Needle depth: 25%
    Accuracy: 94.0% (47/50)

  Needle depth: 50%
    Accuracy: 90.0% (45/50)

  Needle depth: 75%
    Accuracy: 86.0% (43/50)

  Needle depth: 100%
    Accuracy: 64.0% (32/50)

  Overall accuracy at 2048: 77.6%

================================================================================
RULER Evaluation Results: uuid_retrieval
Model: /home/neehal/preconditioned_linear_attention/3rdparty/flame/exp/x_sweep/fast_x1p25
================================================================================
Seq Length | Depth 0% | Depth 25% | Depth 50% | Depth 75% | Depth 100% | Overall
--------------------------------------------------------------------------------
      2048 |    54.0%  |    94.0%  |    90.0%  |    86.0%  |    64.0%  | 77.6%
--------------------------------------------------------------------------------
Overall Accuracy: 77.6%

Results saved to: /home/neehal/preconditioned_linear_attention/evals/results/precond_gated_deltanet_fast_x1p25/ruler/ruler_uuid_retrieval_fast_x1p25_2026-01-25_02-28-22.json
RULER uuid_retrieval evaluation completed: seq_len=2048 on precond_gated_deltanet_fast_x1p25
