Loading model from /home/neehal/preconditioned_linear_attention/3rdparty/flame/exp/deltanet_baseline_neg_eigval...

============================================================
Evaluating at sequence length: 4096
============================================================

  Needle depth: 0%
    Accuracy: 16.0% (8/50)

  Needle depth: 25%
    Accuracy: 48.0% (24/50)

  Needle depth: 50%
    Accuracy: 56.0% (28/50)

  Needle depth: 75%
    Accuracy: 62.0% (31/50)

  Needle depth: 100%
    Accuracy: 92.0% (46/50)

  Overall accuracy at 4096: 54.8%

================================================================================
RULER Evaluation Results: kv_retrieval
Model: /home/neehal/preconditioned_linear_attention/3rdparty/flame/exp/deltanet_baseline_neg_eigval
================================================================================
Seq Length | Depth 0% | Depth 25% | Depth 50% | Depth 75% | Depth 100% | Overall
--------------------------------------------------------------------------------
      4096 |    16.0%  |    48.0%  |    56.0%  |    62.0%  |    92.0%  | 54.8%
--------------------------------------------------------------------------------
Overall Accuracy: 54.8%

Results saved to: /home/neehal/preconditioned_linear_attention/evals/results/deltanet_baseline_neg_eigval/ruler/ruler_kv_retrieval_deltanet_baseline_neg_eigval_2026-01-25_02-31-58.json
RULER kv_retrieval evaluation completed: seq_len=4096 on deltanet_baseline_neg_eigval
