Loading model from /home/neehal/preconditioned_linear_attention/3rdparty/flame/exp/x_sweep/fast_x1p25...

============================================================
Evaluating at sequence length: 2048
============================================================

  Needle depth: 0%
    Accuracy: 0.0% (0/50)

  Needle depth: 25%
    Accuracy: 2.0% (1/50)

  Needle depth: 50%
    Accuracy: 20.0% (10/50)

  Needle depth: 75%
    Accuracy: 86.0% (43/50)

  Needle depth: 100%
    Accuracy: 100.0% (50/50)

  Overall accuracy at 2048: 41.6%

================================================================================
RULER Evaluation Results: passkey
Model: /home/neehal/preconditioned_linear_attention/3rdparty/flame/exp/x_sweep/fast_x1p25
================================================================================
Seq Length | Depth 0% | Depth 25% | Depth 50% | Depth 75% | Depth 100% | Overall
--------------------------------------------------------------------------------
      2048 |     0.0%  |     2.0%  |    20.0%  |    86.0%  |   100.0%  | 41.6%
--------------------------------------------------------------------------------
Overall Accuracy: 41.6%

Results saved to: /home/neehal/preconditioned_linear_attention/evals/results/precond_gated_deltanet_fast_x1p25/ruler/ruler_passkey_fast_x1p25_2026-01-25_02-03-48.json
RULER Evaluation completed: seq_len=2048 on precond_gated_deltanet_fast_x1p25
