Loading model from /home/neehal/preconditioned_linear_attention/3rdparty/flame/exp/deltanet_baseline_neg_eigval...

============================================================
Evaluating at sequence length: 1024
============================================================

  Needle depth: 0%
    Accuracy: 54.0% (27/50)

  Needle depth: 25%
    Accuracy: 88.0% (44/50)

  Needle depth: 50%
    Accuracy: 98.0% (49/50)

  Needle depth: 75%
    Accuracy: 94.0% (47/50)

  Needle depth: 100%
    Accuracy: 92.0% (46/50)

  Overall accuracy at 1024: 85.2%

================================================================================
RULER Evaluation Results: kv_retrieval
Model: /home/neehal/preconditioned_linear_attention/3rdparty/flame/exp/deltanet_baseline_neg_eigval
================================================================================
Seq Length | Depth 0% | Depth 25% | Depth 50% | Depth 75% | Depth 100% | Overall
--------------------------------------------------------------------------------
      1024 |    54.0%  |    88.0%  |    98.0%  |    94.0%  |    92.0%  | 85.2%
--------------------------------------------------------------------------------
Overall Accuracy: 85.2%

Results saved to: /home/neehal/preconditioned_linear_attention/evals/results/deltanet_baseline_neg_eigval/ruler/ruler_kv_retrieval_deltanet_baseline_neg_eigval_2026-01-25_02-27-13.json
RULER kv_retrieval evaluation completed: seq_len=1024 on deltanet_baseline_neg_eigval
