Loading model from /home/neehal/preconditioned_linear_attention/pla_language_experiments/precond_kda_x_sweep/fast_x1p25...

============================================================
Evaluating at sequence length: 2048
============================================================

  Needle depth: 0%
    Accuracy: 90.0% (45/50)

  Needle depth: 25%
    Accuracy: 88.0% (44/50)

  Needle depth: 50%
    Accuracy: 88.0% (44/50)

  Needle depth: 75%
    Accuracy: 98.0% (49/50)

  Needle depth: 100%
    Accuracy: 96.0% (48/50)

  Overall accuracy at 2048: 92.0%

================================================================================
RULER Evaluation Results: uuid_retrieval
Model: /home/neehal/preconditioned_linear_attention/pla_language_experiments/precond_kda_x_sweep/fast_x1p25
================================================================================
Seq Length | Depth 0% | Depth 25% | Depth 50% | Depth 75% | Depth 100% | Overall
--------------------------------------------------------------------------------
      2048 |    90.0%  |    88.0%  |    88.0%  |    98.0%  |    96.0%  | 92.0%
--------------------------------------------------------------------------------
Overall Accuracy: 92.0%

Results saved to: /home/neehal/preconditioned_linear_attention/evals/results/precond_kda_fast_x1p25/ruler/ruler_uuid_retrieval_fast_x1p25_2026-01-25_02-28-23.json
RULER uuid_retrieval evaluation completed: seq_len=2048 on precond_kda_fast_x1p25
