Loading model from /home/neehal/preconditioned_linear_attention/3rdparty/flame/exp/x_sweep/fast_x1p75...

============================================================
Evaluating at sequence length: 2048
============================================================

  Needle depth: 0%
    Accuracy: 66.0% (33/50)

  Needle depth: 25%
    Accuracy: 66.0% (33/50)

  Needle depth: 50%
    Accuracy: 62.0% (31/50)

  Needle depth: 75%
    Accuracy: 74.0% (37/50)

  Needle depth: 100%
    Accuracy: 68.0% (34/50)

  Overall accuracy at 2048: 67.2%

================================================================================
RULER Evaluation Results: uuid_retrieval
Model: /home/neehal/preconditioned_linear_attention/3rdparty/flame/exp/x_sweep/fast_x1p75
================================================================================
Seq Length | Depth 0% | Depth 25% | Depth 50% | Depth 75% | Depth 100% | Overall
--------------------------------------------------------------------------------
      2048 |    66.0%  |    66.0%  |    62.0%  |    74.0%  |    68.0%  | 67.2%
--------------------------------------------------------------------------------
Overall Accuracy: 67.2%

Results saved to: /home/neehal/preconditioned_linear_attention/evals/results/precond_gated_deltanet_fast_x1p75/ruler/ruler_uuid_retrieval_fast_x1p75_2026-01-25_02-28-06.json
RULER uuid_retrieval evaluation completed: seq_len=2048 on precond_gated_deltanet_fast_x1p75
