Loading model from /home/neehal/preconditioned_linear_attention/pla_language_baselines/gdn_1B_50B...

============================================================
Evaluating at sequence length: 4096
============================================================

  Needle depth: 0%
    Accuracy: 78.0% (39/50)

  Needle depth: 25%
    Accuracy: 86.0% (43/50)

  Needle depth: 50%
    Accuracy: 86.0% (43/50)

  Needle depth: 75%
    Accuracy: 94.0% (47/50)

  Needle depth: 100%
    Accuracy: 94.0% (47/50)

  Overall accuracy at 4096: 87.6%

================================================================================
RULER Evaluation Results: kv_retrieval
Model: /home/neehal/preconditioned_linear_attention/pla_language_baselines/gdn_1B_50B
================================================================================
Seq Length | Depth 0% | Depth 25% | Depth 50% | Depth 75% | Depth 100% | Overall
--------------------------------------------------------------------------------
      4096 |    78.0%  |    86.0%  |    86.0%  |    94.0%  |    94.0%  | 87.6%
--------------------------------------------------------------------------------
Overall Accuracy: 87.6%

Results saved to: /home/neehal/preconditioned_linear_attention/evals/results/gdn_1B_50B/ruler/ruler_kv_retrieval_gdn_1B_50B_2026-01-25_02-32-07.json
RULER kv_retrieval evaluation completed: seq_len=4096 on gdn_1B_50B
