Loading model from /home/neehal/preconditioned_linear_attention/pla_language_experiments/log_space_sweep_v2/sym_x1p5_fast_init0p2...

============================================================
Evaluating at sequence length: 1024
============================================================

  Needle depth: 0%
    Accuracy: 62.0% (31/50)

  Needle depth: 25%
    Accuracy: 70.0% (35/50)

  Needle depth: 50%
    Accuracy: 64.0% (32/50)

  Needle depth: 75%
    Accuracy: 60.0% (30/50)

  Needle depth: 100%
    Accuracy: 68.0% (34/50)

  Overall accuracy at 1024: 64.8%

================================================================================
RULER Evaluation Results: kv_retrieval
Model: /home/neehal/preconditioned_linear_attention/pla_language_experiments/log_space_sweep_v2/sym_x1p5_fast_init0p2
================================================================================
Seq Length | Depth 0% | Depth 25% | Depth 50% | Depth 75% | Depth 100% | Overall
--------------------------------------------------------------------------------
      1024 |    62.0%  |    70.0%  |    64.0%  |    60.0%  |    68.0%  | 64.8%
--------------------------------------------------------------------------------
Overall Accuracy: 64.8%

Results saved to: /home/neehal/preconditioned_linear_attention/evals/results/sym_x1p5_fast_init0p2/ruler/ruler_kv_retrieval_sym_x1p5_fast_init0p2_2026-01-25_02-27-13.json
RULER kv_retrieval evaluation completed: seq_len=1024 on sym_x1p5_fast_init0p2
