Loading model from /home/neehal/preconditioned_linear_attention/pla_language_experiments/log_space_sweep_v2/sym_x1p5_fast_init0p2...

============================================================
Evaluating at sequence length: 4096
============================================================

  Needle depth: 0%
    Accuracy: 100.0% (50/50)

  Needle depth: 25%
    Accuracy: 58.0% (29/50)

  Needle depth: 50%
    Accuracy: 86.0% (43/50)

  Needle depth: 75%
    Accuracy: 100.0% (50/50)

  Needle depth: 100%
    Accuracy: 100.0% (50/50)

  Overall accuracy at 4096: 88.8%

================================================================================
RULER Evaluation Results: passkey
Model: /home/neehal/preconditioned_linear_attention/pla_language_experiments/log_space_sweep_v2/sym_x1p5_fast_init0p2
================================================================================
Seq Length | Depth 0% | Depth 25% | Depth 50% | Depth 75% | Depth 100% | Overall
--------------------------------------------------------------------------------
      4096 |   100.0%  |    58.0%  |    86.0%  |   100.0%  |   100.0%  | 88.8%
--------------------------------------------------------------------------------
Overall Accuracy: 88.8%

Results saved to: /home/neehal/preconditioned_linear_attention/evals/results/sym_x1p5_fast_init0p2/ruler/ruler_passkey_sym_x1p5_fast_init0p2_2026-01-25_02-07-17.json
RULER Evaluation completed: seq_len=4096 on sym_x1p5_fast_init0p2
