Loading model from /home/neehal/preconditioned_linear_attention/3rdparty/flame/exp/precond_deltanet_x_sweep_v2/fast_x1p5...

============================================================
Evaluating at sequence length: 1024
============================================================

  Needle depth: 0%
    Accuracy: 42.0% (21/50)

  Needle depth: 25%
    Accuracy: 72.0% (36/50)

  Needle depth: 50%
    Accuracy: 70.0% (35/50)

  Needle depth: 75%
    Accuracy: 70.0% (35/50)

  Needle depth: 100%
    Accuracy: 64.0% (32/50)

  Overall accuracy at 1024: 63.6%

================================================================================
RULER Evaluation Results: uuid_retrieval
Model: /home/neehal/preconditioned_linear_attention/3rdparty/flame/exp/precond_deltanet_x_sweep_v2/fast_x1p5
================================================================================
Seq Length | Depth 0% | Depth 25% | Depth 50% | Depth 75% | Depth 100% | Overall
--------------------------------------------------------------------------------
      1024 |    42.0%  |    72.0%  |    70.0%  |    70.0%  |    64.0%  | 63.6%
--------------------------------------------------------------------------------
Overall Accuracy: 63.6%

Results saved to: /home/neehal/preconditioned_linear_attention/evals/results/precond_deltanet_fast_x1p5/ruler/ruler_uuid_retrieval_fast_x1p5_2026-01-25_02-27-50.json
RULER uuid_retrieval evaluation completed: seq_len=1024 on precond_deltanet_fast_x1p5
