Loading model from /home/neehal/preconditioned_linear_attention/3rdparty/flame/exp/x_sweep/fast_x1p75...

============================================================
Evaluating at sequence length: 4096
============================================================

  Needle depth: 0%
    Accuracy: 58.0% (29/50)

  Needle depth: 25%
    Accuracy: 50.0% (25/50)

  Needle depth: 50%
    Accuracy: 54.0% (27/50)

  Needle depth: 75%
    Accuracy: 64.0% (32/50)

  Needle depth: 100%
    Accuracy: 76.0% (38/50)

  Overall accuracy at 4096: 60.4%

================================================================================
RULER Evaluation Results: uuid_retrieval
Model: /home/neehal/preconditioned_linear_attention/3rdparty/flame/exp/x_sweep/fast_x1p75
================================================================================
Seq Length | Depth 0% | Depth 25% | Depth 50% | Depth 75% | Depth 100% | Overall
--------------------------------------------------------------------------------
      4096 |    58.0%  |    50.0%  |    54.0%  |    64.0%  |    76.0%  | 60.4%
--------------------------------------------------------------------------------
Overall Accuracy: 60.4%

Results saved to: /home/neehal/preconditioned_linear_attention/evals/results/precond_gated_deltanet_fast_x1p75/ruler/ruler_uuid_retrieval_fast_x1p75_2026-01-25_03-21-58.json
RULER uuid_retrieval evaluation completed: seq_len=4096 on precond_gated_deltanet_fast_x1p75
