Loading model from /home/neehal/preconditioned_linear_attention/3rdparty/flame/exp/precond_deltanet_x_sweep_v2/fast_x1p25...

============================================================
Evaluating at sequence length: 4096
============================================================

  Needle depth: 0%
    Accuracy: 20.0% (10/50)

  Needle depth: 25%
    Accuracy: 26.0% (13/50)

  Needle depth: 50%
    Accuracy: 46.0% (23/50)

  Needle depth: 75%
    Accuracy: 48.0% (24/50)

  Needle depth: 100%
    Accuracy: 94.0% (47/50)

  Overall accuracy at 4096: 46.8%

================================================================================
RULER Evaluation Results: kv_retrieval
Model: /home/neehal/preconditioned_linear_attention/3rdparty/flame/exp/precond_deltanet_x_sweep_v2/fast_x1p25
================================================================================
Seq Length | Depth 0% | Depth 25% | Depth 50% | Depth 75% | Depth 100% | Overall
--------------------------------------------------------------------------------
      4096 |    20.0%  |    26.0%  |    46.0%  |    48.0%  |    94.0%  | 46.8%
--------------------------------------------------------------------------------
Overall Accuracy: 46.8%

Results saved to: /home/neehal/preconditioned_linear_attention/evals/results/precond_deltanet_fast_x1p25/ruler/ruler_kv_retrieval_fast_x1p25_2026-01-25_03-22-57.json
RULER kv_retrieval evaluation completed: seq_len=4096 on precond_deltanet_fast_x1p25
