Loading model from /home/neehal/preconditioned_linear_attention/pla_language_baselines/kda_seq2048_lr4e4...

============================================================
Evaluating at sequence length: 1024
============================================================

  Needle depth: 0%
    Accuracy: 58.0% (29/50)

  Needle depth: 25%
    Accuracy: 30.0% (15/50)

  Needle depth: 50%
    Accuracy: 50.0% (25/50)

  Needle depth: 75%
    Accuracy: 2.0% (1/50)

  Needle depth: 100%
    Accuracy: 42.0% (21/50)

  Overall accuracy at 1024: 36.4%

================================================================================
RULER Evaluation Results: kv_retrieval
Model: /home/neehal/preconditioned_linear_attention/pla_language_baselines/kda_seq2048_lr4e4
================================================================================
Seq Length | Depth 0% | Depth 25% | Depth 50% | Depth 75% | Depth 100% | Overall
--------------------------------------------------------------------------------
      1024 |    58.0%  |    30.0%  |    50.0%  |     2.0%  |    42.0%  | 36.4%
--------------------------------------------------------------------------------
Overall Accuracy: 36.4%

Results saved to: /home/neehal/preconditioned_linear_attention/evals/results/kda_seq2048_lr4e4/ruler/ruler_kv_retrieval_kda_seq2048_lr4e4_2026-01-25_02-27-18.json
RULER kv_retrieval evaluation completed: seq_len=1024 on kda_seq2048_lr4e4
