Loading model from /home/neehal/preconditioned_linear_attention/3rdparty/flame/exp/precond_deltanet_x_sweep_v2/fast_x1p25...

============================================================
Evaluating at sequence length: 2048
============================================================

  Needle depth: 0%
    Accuracy: 20.0% (10/50)

  Needle depth: 25%
    Accuracy: 48.0% (24/50)

  Needle depth: 50%
    Accuracy: 58.0% (29/50)

  Needle depth: 75%
    Accuracy: 74.0% (37/50)

  Needle depth: 100%
    Accuracy: 84.0% (42/50)

  Overall accuracy at 2048: 56.8%

================================================================================
RULER Evaluation Results: kv_retrieval
Model: /home/neehal/preconditioned_linear_attention/3rdparty/flame/exp/precond_deltanet_x_sweep_v2/fast_x1p25
================================================================================
Seq Length | Depth 0% | Depth 25% | Depth 50% | Depth 75% | Depth 100% | Overall
--------------------------------------------------------------------------------
      2048 |    20.0%  |    48.0%  |    58.0%  |    74.0%  |    84.0%  | 56.8%
--------------------------------------------------------------------------------
Overall Accuracy: 56.8%

Results saved to: /home/neehal/preconditioned_linear_attention/evals/results/precond_deltanet_fast_x1p25/ruler/ruler_kv_retrieval_fast_x1p25_2026-01-25_02-28-52.json
RULER kv_retrieval evaluation completed: seq_len=2048 on precond_deltanet_fast_x1p25
