Loading model from /home/neehal/preconditioned_linear_attention/pla_language_baselines/gated_deltanet_seq2048_lr4e4...

============================================================
Evaluating at sequence length: 1024
============================================================

  Needle depth: 0%
    Accuracy: 46.0% (23/50)

  Needle depth: 25%
    Accuracy: 56.0% (28/50)

  Needle depth: 50%
    Accuracy: 58.0% (29/50)

  Needle depth: 75%
    Accuracy: 72.0% (36/50)

  Needle depth: 100%
    Accuracy: 72.0% (36/50)

  Overall accuracy at 1024: 60.8%

================================================================================
RULER Evaluation Results: kv_retrieval
Model: /home/neehal/preconditioned_linear_attention/pla_language_baselines/gated_deltanet_seq2048_lr4e4
================================================================================
Seq Length | Depth 0% | Depth 25% | Depth 50% | Depth 75% | Depth 100% | Overall
--------------------------------------------------------------------------------
      1024 |    46.0%  |    56.0%  |    58.0%  |    72.0%  |    72.0%  | 60.8%
--------------------------------------------------------------------------------
Overall Accuracy: 60.8%

Results saved to: /home/neehal/preconditioned_linear_attention/evals/results/gated_deltanet_seq2048_lr4e4/ruler/ruler_kv_retrieval_gated_deltanet_seq2048_lr4e4_2026-01-25_02-27-19.json
RULER kv_retrieval evaluation completed: seq_len=1024 on gated_deltanet_seq2048_lr4e4
