Loading model from /home/neehal/preconditioned_linear_attention/3rdparty/flame/exp/kda_1B_50B...

============================================================
Evaluating at sequence length: 2048
============================================================

  Needle depth: 0%
    Accuracy: 82.0% (41/50)

  Needle depth: 25%
    Accuracy: 54.0% (27/50)

  Needle depth: 50%
    Accuracy: 100.0% (50/50)

  Needle depth: 75%
    Accuracy: 66.0% (33/50)

  Needle depth: 100%
    Accuracy: 76.0% (38/50)

  Overall accuracy at 2048: 75.6%

================================================================================
RULER Evaluation Results: kv_retrieval
Model: /home/neehal/preconditioned_linear_attention/3rdparty/flame/exp/kda_1B_50B
================================================================================
Seq Length | Depth 0% | Depth 25% | Depth 50% | Depth 75% | Depth 100% | Overall
--------------------------------------------------------------------------------
      2048 |    82.0%  |    54.0%  |   100.0%  |    66.0%  |    76.0%  | 75.6%
--------------------------------------------------------------------------------
Overall Accuracy: 75.6%

Results saved to: /home/neehal/preconditioned_linear_attention/evals/results/kda_1B_50B/ruler/ruler_kv_retrieval_kda_1B_50B_2026-01-25_02-28-25.json
RULER kv_retrieval evaluation completed: seq_len=2048 on kda_1B_50B
