Loading model from /home/neehal/preconditioned_linear_attention/pla_language_baselines/deltanet_baseline_seq2048_lr4e4...

============================================================
Evaluating at sequence length: 4096
============================================================

  Needle depth: 0%
    Accuracy: 22.0% (11/50)

  Needle depth: 25%
    Accuracy: 68.0% (34/50)

  Needle depth: 50%
    Accuracy: 62.0% (31/50)

  Needle depth: 75%
    Accuracy: 86.0% (43/50)

  Needle depth: 100%
    Accuracy: 50.0% (25/50)

  Overall accuracy at 4096: 57.6%

================================================================================
RULER Evaluation Results: uuid_retrieval
Model: /home/neehal/preconditioned_linear_attention/pla_language_baselines/deltanet_baseline_seq2048_lr4e4
================================================================================
Seq Length | Depth 0% | Depth 25% | Depth 50% | Depth 75% | Depth 100% | Overall
--------------------------------------------------------------------------------
      4096 |    22.0%  |    68.0%  |    62.0%  |    86.0%  |    50.0%  | 57.6%
--------------------------------------------------------------------------------
Overall Accuracy: 57.6%

Results saved to: /home/neehal/preconditioned_linear_attention/evals/results/deltanet_baseline_seq2048_lr4e4/ruler/ruler_uuid_retrieval_deltanet_baseline_seq2048_lr4e4_2026-01-25_02-31-51.json
RULER uuid_retrieval evaluation completed: seq_len=4096 on deltanet_baseline_seq2048_lr4e4
