Loading model from /home/neehal/preconditioned_linear_attention/3rdparty/flame/exp/x_sweep/kda_allow_neg_eigval...

============================================================
Evaluating at sequence length: 4096
============================================================

  Needle depth: 0%
    Accuracy: 34.0% (17/50)

  Needle depth: 25%
    Accuracy: 12.0% (6/50)

  Needle depth: 50%
    Accuracy: 0.0% (0/50)

  Needle depth: 75%
    Accuracy: 30.0% (15/50)

  Needle depth: 100%
    Accuracy: 4.0% (2/50)

  Overall accuracy at 4096: 16.0%

================================================================================
RULER Evaluation Results: passkey
Model: /home/neehal/preconditioned_linear_attention/3rdparty/flame/exp/x_sweep/kda_allow_neg_eigval
================================================================================
Seq Length | Depth 0% | Depth 25% | Depth 50% | Depth 75% | Depth 100% | Overall
--------------------------------------------------------------------------------
      4096 |    34.0%  |    12.0%  |     0.0%  |    30.0%  |     4.0%  | 16.0%
--------------------------------------------------------------------------------
Overall Accuracy: 16.0%

Results saved to: /home/neehal/preconditioned_linear_attention/evals/results/kda_allow_neg_eigval/ruler/ruler_passkey_kda_allow_neg_eigval_2026-01-25_02-07-16.json
RULER Evaluation completed: seq_len=4096 on kda_allow_neg_eigval
