Loading model from /home/neehal/preconditioned_linear_attention/3rdparty/flame/exp/x_sweep/kda_allow_neg_eigval...

============================================================
Evaluating at sequence length: 1024
============================================================

  Needle depth: 0%
    Accuracy: 96.0% (48/50)

  Needle depth: 25%
    Accuracy: 92.0% (46/50)

  Needle depth: 50%
    Accuracy: 96.0% (48/50)

  Needle depth: 75%
    Accuracy: 98.0% (49/50)

  Needle depth: 100%
    Accuracy: 96.0% (48/50)

  Overall accuracy at 1024: 95.6%

================================================================================
RULER Evaluation Results: kv_retrieval
Model: /home/neehal/preconditioned_linear_attention/3rdparty/flame/exp/x_sweep/kda_allow_neg_eigval
================================================================================
Seq Length | Depth 0% | Depth 25% | Depth 50% | Depth 75% | Depth 100% | Overall
--------------------------------------------------------------------------------
      1024 |    96.0%  |    92.0%  |    96.0%  |    98.0%  |    96.0%  | 95.6%
--------------------------------------------------------------------------------
Overall Accuracy: 95.6%

Results saved to: /home/neehal/preconditioned_linear_attention/evals/results/kda_allow_neg_eigval/ruler/ruler_kv_retrieval_kda_allow_neg_eigval_2026-01-25_02-27-29.json
RULER kv_retrieval evaluation completed: seq_len=1024 on kda_allow_neg_eigval
