Loading model from /home/neehal/preconditioned_linear_attention/pla_language_experiments/precond_kda_x_sweep/fast_x1p75...

============================================================
Evaluating at sequence length: 4096
============================================================

  Needle depth: 0%
    Accuracy: 60.0% (30/50)

  Needle depth: 25%
    Accuracy: 58.0% (29/50)

  Needle depth: 50%
    Accuracy: 70.0% (35/50)

  Needle depth: 75%
    Accuracy: 68.0% (34/50)

  Needle depth: 100%
    Accuracy: 74.0% (37/50)

  Overall accuracy at 4096: 66.0%

================================================================================
RULER Evaluation Results: uuid_retrieval
Model: /home/neehal/preconditioned_linear_attention/pla_language_experiments/precond_kda_x_sweep/fast_x1p75
================================================================================
Seq Length | Depth 0% | Depth 25% | Depth 50% | Depth 75% | Depth 100% | Overall
--------------------------------------------------------------------------------
      4096 |    60.0%  |    58.0%  |    70.0%  |    68.0%  |    74.0%  | 66.0%
--------------------------------------------------------------------------------
Overall Accuracy: 66.0%

Results saved to: /home/neehal/preconditioned_linear_attention/evals/results/precond_kda_fast_x1p75/ruler/ruler_uuid_retrieval_fast_x1p75_2026-01-25_02-32-09.json
RULER uuid_retrieval evaluation completed: seq_len=4096 on precond_kda_fast_x1p75
