Loading model from /home/neehal/preconditioned_linear_attention/3rdparty/flame/exp/precond_deltanet_x_sweep_v2/fast_x1p25...

============================================================
Evaluating at sequence length: 4096
============================================================

  Needle depth: 0%
    Accuracy: 32.0% (16/50)

  Needle depth: 25%
    Accuracy: 60.0% (30/50)

  Needle depth: 50%
    Accuracy: 68.0% (34/50)

  Needle depth: 75%
    Accuracy: 62.0% (31/50)

  Needle depth: 100%
    Accuracy: 68.0% (34/50)

  Overall accuracy at 4096: 58.0%

================================================================================
RULER Evaluation Results: uuid_retrieval
Model: /home/neehal/preconditioned_linear_attention/3rdparty/flame/exp/precond_deltanet_x_sweep_v2/fast_x1p25
================================================================================
Seq Length | Depth 0% | Depth 25% | Depth 50% | Depth 75% | Depth 100% | Overall
--------------------------------------------------------------------------------
      4096 |    32.0%  |    60.0%  |    68.0%  |    62.0%  |    68.0%  | 58.0%
--------------------------------------------------------------------------------
Overall Accuracy: 58.0%

Results saved to: /home/neehal/preconditioned_linear_attention/evals/results/precond_deltanet_fast_x1p25/ruler/ruler_uuid_retrieval_fast_x1p25_2026-01-25_03-21-58.json
RULER uuid_retrieval evaluation completed: seq_len=4096 on precond_deltanet_fast_x1p25
