Loading model from /home/neehal/preconditioned_linear_attention/3rdparty/flame/exp/deltanet_baseline_neg_eigval...

============================================================
Evaluating at sequence length: 1024
============================================================

  Needle depth: 0%
    Accuracy: 88.0% (44/50)

  Needle depth: 25%
    Accuracy: 88.0% (44/50)

  Needle depth: 50%
    Accuracy: 96.0% (48/50)

  Needle depth: 75%
    Accuracy: 100.0% (50/50)

  Needle depth: 100%
    Accuracy: 100.0% (50/50)

  Overall accuracy at 1024: 94.4%

================================================================================
RULER Evaluation Results: passkey
Model: /home/neehal/preconditioned_linear_attention/3rdparty/flame/exp/deltanet_baseline_neg_eigval
================================================================================
Seq Length | Depth 0% | Depth 25% | Depth 50% | Depth 75% | Depth 100% | Overall
--------------------------------------------------------------------------------
      1024 |    88.0%  |    88.0%  |    96.0%  |   100.0%  |   100.0%  | 94.4%
--------------------------------------------------------------------------------
Overall Accuracy: 94.4%

Results saved to: /home/neehal/preconditioned_linear_attention/evals/results/deltanet_baseline_neg_eigval/ruler/ruler_passkey_deltanet_baseline_neg_eigval_2026-01-25_02-03-00.json
RULER Evaluation completed: seq_len=1024 on deltanet_baseline_neg_eigval
