Loading model from /home/neehal/preconditioned_linear_attention/pla_language_baselines/deltanet_baseline_seq2048_lr4e4...

============================================================
Evaluating at sequence length: 1024
============================================================

  Needle depth: 0%
    Accuracy: 44.0% (22/50)

  Needle depth: 25%
    Accuracy: 58.0% (29/50)

  Needle depth: 50%
    Accuracy: 82.0% (41/50)

  Needle depth: 75%
    Accuracy: 84.0% (42/50)

  Needle depth: 100%
    Accuracy: 34.0% (17/50)

  Overall accuracy at 1024: 60.4%

================================================================================
RULER Evaluation Results: uuid_retrieval
Model: /home/neehal/preconditioned_linear_attention/pla_language_baselines/deltanet_baseline_seq2048_lr4e4
================================================================================
Seq Length | Depth 0% | Depth 25% | Depth 50% | Depth 75% | Depth 100% | Overall
--------------------------------------------------------------------------------
      1024 |    44.0%  |    58.0%  |    82.0%  |    84.0%  |    34.0%  | 60.4%
--------------------------------------------------------------------------------
Overall Accuracy: 60.4%

Results saved to: /home/neehal/preconditioned_linear_attention/evals/results/deltanet_baseline_seq2048_lr4e4/ruler/ruler_uuid_retrieval_deltanet_baseline_seq2048_lr4e4_2026-01-25_02-27-20.json
RULER uuid_retrieval evaluation completed: seq_len=1024 on deltanet_baseline_seq2048_lr4e4
