Loading model from /home/neehal/preconditioned_linear_attention/3rdparty/flame/exp/precond_deltanet_x_sweep_v2/fast_x1p75...

============================================================
Evaluating at sequence length: 4096
============================================================

  Needle depth: 0%
    Accuracy: 16.0% (8/50)

  Needle depth: 25%
    Accuracy: 42.0% (21/50)

  Needle depth: 50%
    Accuracy: 52.0% (26/50)

  Needle depth: 75%
    Accuracy: 50.0% (25/50)

  Needle depth: 100%
    Accuracy: 78.0% (39/50)

  Overall accuracy at 4096: 47.6%

================================================================================
RULER Evaluation Results: kv_retrieval
Model: /home/neehal/preconditioned_linear_attention/3rdparty/flame/exp/precond_deltanet_x_sweep_v2/fast_x1p75
================================================================================
Seq Length | Depth 0% | Depth 25% | Depth 50% | Depth 75% | Depth 100% | Overall
--------------------------------------------------------------------------------
      4096 |    16.0%  |    42.0%  |    52.0%  |    50.0%  |    78.0%  | 47.6%
--------------------------------------------------------------------------------
Overall Accuracy: 47.6%

Results saved to: /home/neehal/preconditioned_linear_attention/evals/results/precond_deltanet_fast_x1p75/ruler/ruler_kv_retrieval_fast_x1p75_2026-01-25_03-22-14.json
RULER kv_retrieval evaluation completed: seq_len=4096 on precond_deltanet_fast_x1p75
