Loading model from /home/neehal/preconditioned_linear_attention/pla_language_experiments/precond_kda_x_sweep/fast_x1p25...

============================================================
Evaluating at sequence length: 1024
============================================================

  Needle depth: 0%
    Accuracy: 88.0% (44/50)

  Needle depth: 25%
    Accuracy: 96.0% (48/50)

  Needle depth: 50%
    Accuracy: 94.0% (47/50)

  Needle depth: 75%
    Accuracy: 100.0% (50/50)

  Needle depth: 100%
    Accuracy: 96.0% (48/50)

  Overall accuracy at 1024: 94.8%

================================================================================
RULER Evaluation Results: uuid_retrieval
Model: /home/neehal/preconditioned_linear_attention/pla_language_experiments/precond_kda_x_sweep/fast_x1p25
================================================================================
Seq Length | Depth 0% | Depth 25% | Depth 50% | Depth 75% | Depth 100% | Overall
--------------------------------------------------------------------------------
      1024 |    88.0%  |    96.0%  |    94.0%  |   100.0%  |    96.0%  | 94.8%
--------------------------------------------------------------------------------
Overall Accuracy: 94.8%

Results saved to: /home/neehal/preconditioned_linear_attention/evals/results/precond_kda_fast_x1p25/ruler/ruler_uuid_retrieval_fast_x1p25_2026-01-25_02-27-37.json
RULER uuid_retrieval evaluation completed: seq_len=1024 on precond_kda_fast_x1p25
