Loading model from /home/neehal/preconditioned_linear_attention/3rdparty/flame/exp/x_sweep/fast_x1p75...

============================================================
Evaluating at sequence length: 2048
============================================================

  Needle depth: 0%
    Accuracy: 46.0% (23/50)

  Needle depth: 25%
    Accuracy: 74.0% (37/50)

  Needle depth: 50%
    Accuracy: 74.0% (37/50)

  Needle depth: 75%
    Accuracy: 80.0% (40/50)

  Needle depth: 100%
    Accuracy: 94.0% (47/50)

  Overall accuracy at 2048: 73.6%

================================================================================
RULER Evaluation Results: kv_retrieval
Model: /home/neehal/preconditioned_linear_attention/3rdparty/flame/exp/x_sweep/fast_x1p75
================================================================================
Seq Length | Depth 0% | Depth 25% | Depth 50% | Depth 75% | Depth 100% | Overall
--------------------------------------------------------------------------------
      2048 |    46.0%  |    74.0%  |    74.0%  |    80.0%  |    94.0%  | 73.6%
--------------------------------------------------------------------------------
Overall Accuracy: 73.6%

Results saved to: /home/neehal/preconditioned_linear_attention/evals/results/precond_gated_deltanet_fast_x1p75/ruler/ruler_kv_retrieval_fast_x1p75_2026-01-25_02-28-17.json
RULER kv_retrieval evaluation completed: seq_len=2048 on precond_gated_deltanet_fast_x1p75
