Loading model from /home/neehal/preconditioned_linear_attention/3rdparty/flame/exp/x_sweep/fast_x1p25...

============================================================
Evaluating at sequence length: 1024
============================================================

  Needle depth: 0%
    Accuracy: 76.0% (38/50)

  Needle depth: 25%
    Accuracy: 88.0% (44/50)

  Needle depth: 50%
    Accuracy: 92.0% (46/50)

  Needle depth: 75%
    Accuracy: 86.0% (43/50)

  Needle depth: 100%
    Accuracy: 88.0% (44/50)

  Overall accuracy at 1024: 86.0%

================================================================================
RULER Evaluation Results: kv_retrieval
Model: /home/neehal/preconditioned_linear_attention/3rdparty/flame/exp/x_sweep/fast_x1p25
================================================================================
Seq Length | Depth 0% | Depth 25% | Depth 50% | Depth 75% | Depth 100% | Overall
--------------------------------------------------------------------------------
      1024 |    76.0%  |    88.0%  |    92.0%  |    86.0%  |    88.0%  | 86.0%
--------------------------------------------------------------------------------
Overall Accuracy: 86.0%

Results saved to: /home/neehal/preconditioned_linear_attention/evals/results/precond_gated_deltanet_fast_x1p25/ruler/ruler_kv_retrieval_fast_x1p25_2026-01-25_03-17-14.json
RULER kv_retrieval evaluation completed: seq_len=1024 on precond_gated_deltanet_fast_x1p25
