Loading model from /home/neehal/preconditioned_linear_attention/pla_language_baselines/deltanet_baseline_seq2048_lr4e4...

============================================================
Evaluating at sequence length: 1024
============================================================

  Needle depth: 0%
    Accuracy: 58.0% (29/50)

  Needle depth: 25%
    Accuracy: 86.0% (43/50)

  Needle depth: 50%
    Accuracy: 76.0% (38/50)

  Needle depth: 75%
    Accuracy: 96.0% (48/50)

  Needle depth: 100%
    Accuracy: 82.0% (41/50)

  Overall accuracy at 1024: 79.6%

================================================================================
RULER Evaluation Results: kv_retrieval
Model: /home/neehal/preconditioned_linear_attention/pla_language_baselines/deltanet_baseline_seq2048_lr4e4
================================================================================
Seq Length | Depth 0% | Depth 25% | Depth 50% | Depth 75% | Depth 100% | Overall
--------------------------------------------------------------------------------
      1024 |    58.0%  |    86.0%  |    76.0%  |    96.0%  |    82.0%  | 79.6%
--------------------------------------------------------------------------------
Overall Accuracy: 79.6%

Results saved to: /home/neehal/preconditioned_linear_attention/evals/results/deltanet_baseline_seq2048_lr4e4/ruler/ruler_kv_retrieval_deltanet_baseline_seq2048_lr4e4_2026-01-25_02-27-09.json
RULER kv_retrieval evaluation completed: seq_len=1024 on deltanet_baseline_seq2048_lr4e4
