Loading model from /home/neehal/preconditioned_linear_attention/3rdparty/flame/exp/precond_deltanet_x_sweep_v2/fast_x1p5...

============================================================
Evaluating at sequence length: 4096
============================================================

  Needle depth: 0%
    Accuracy: 20.0% (10/50)

  Needle depth: 25%
    Accuracy: 40.0% (20/50)

  Needle depth: 50%
    Accuracy: 44.0% (22/50)

  Needle depth: 75%
    Accuracy: 62.0% (31/50)

  Needle depth: 100%
    Accuracy: 58.0% (29/50)

  Overall accuracy at 4096: 44.8%

================================================================================
RULER Evaluation Results: uuid_retrieval
Model: /home/neehal/preconditioned_linear_attention/3rdparty/flame/exp/precond_deltanet_x_sweep_v2/fast_x1p5
================================================================================
Seq Length | Depth 0% | Depth 25% | Depth 50% | Depth 75% | Depth 100% | Overall
--------------------------------------------------------------------------------
      4096 |    20.0%  |    40.0%  |    44.0%  |    62.0%  |    58.0%  | 44.8%
--------------------------------------------------------------------------------
Overall Accuracy: 44.8%

Results saved to: /home/neehal/preconditioned_linear_attention/evals/results/precond_deltanet_fast_x1p5/ruler/ruler_uuid_retrieval_fast_x1p5_2026-01-25_02-32-15.json
RULER uuid_retrieval evaluation completed: seq_len=4096 on precond_deltanet_fast_x1p5
