Loading model from /home/neehal/preconditioned_linear_attention/3rdparty/flame/exp/x_sweep/fast_x1p75...

============================================================
Evaluating at sequence length: 1024
============================================================

  Needle depth: 0%
    Accuracy: 68.0% (34/50)

  Needle depth: 25%
    Accuracy: 96.0% (48/50)

  Needle depth: 50%
    Accuracy: 94.0% (47/50)

  Needle depth: 75%
    Accuracy: 94.0% (47/50)

  Needle depth: 100%
    Accuracy: 94.0% (47/50)

  Overall accuracy at 1024: 89.2%

================================================================================
RULER Evaluation Results: kv_retrieval
Model: /home/neehal/preconditioned_linear_attention/3rdparty/flame/exp/x_sweep/fast_x1p75
================================================================================
Seq Length | Depth 0% | Depth 25% | Depth 50% | Depth 75% | Depth 100% | Overall
--------------------------------------------------------------------------------
      1024 |    68.0%  |    96.0%  |    94.0%  |    94.0%  |    94.0%  | 89.2%
--------------------------------------------------------------------------------
Overall Accuracy: 89.2%

Results saved to: /home/neehal/preconditioned_linear_attention/evals/results/precond_gated_deltanet_fast_x1p75/ruler/ruler_kv_retrieval_fast_x1p75_2026-01-25_02-27-21.json
RULER kv_retrieval evaluation completed: seq_len=1024 on precond_gated_deltanet_fast_x1p75
