Loading model from /home/neehal/preconditioned_linear_attention/3rdparty/flame/exp/precond_deltanet_x_sweep_v2/fast_x1p5...

============================================================
Evaluating at sequence length: 4096
============================================================

  Needle depth: 0%
    Accuracy: 0.0% (0/50)

  Needle depth: 25%
    Accuracy: 0.0% (0/50)

  Needle depth: 50%
    Accuracy: 12.0% (6/50)

  Needle depth: 75%
    Accuracy: 86.0% (43/50)

  Needle depth: 100%
    Accuracy: 56.0% (28/50)

  Overall accuracy at 4096: 30.8%

================================================================================
RULER Evaluation Results: passkey
Model: /home/neehal/preconditioned_linear_attention/3rdparty/flame/exp/precond_deltanet_x_sweep_v2/fast_x1p5
================================================================================
Seq Length | Depth 0% | Depth 25% | Depth 50% | Depth 75% | Depth 100% | Overall
--------------------------------------------------------------------------------
      4096 |     0.0%  |     0.0%  |    12.0%  |    86.0%  |    56.0%  | 30.8%
--------------------------------------------------------------------------------
Overall Accuracy: 30.8%

Results saved to: /home/neehal/preconditioned_linear_attention/evals/results/precond_deltanet_fast_x1p5/ruler/ruler_passkey_fast_x1p5_2026-01-25_02-07-36.json
RULER Evaluation completed: seq_len=4096 on precond_deltanet_fast_x1p5
