Loading model from /home/neehal/preconditioned_linear_attention/pla_language_baselines/kda_seq2048_lr4e4...

============================================================
Evaluating at sequence length: 4096
============================================================

  Needle depth: 0%
    Accuracy: 48.0% (24/50)

  Needle depth: 25%
    Accuracy: 52.0% (26/50)

  Needle depth: 50%
    Accuracy: 48.0% (24/50)

  Needle depth: 75%
    Accuracy: 64.0% (32/50)

  Needle depth: 100%
    Accuracy: 60.0% (30/50)

  Overall accuracy at 4096: 54.4%

================================================================================
RULER Evaluation Results: uuid_retrieval
Model: /home/neehal/preconditioned_linear_attention/pla_language_baselines/kda_seq2048_lr4e4
================================================================================
Seq Length | Depth 0% | Depth 25% | Depth 50% | Depth 75% | Depth 100% | Overall
--------------------------------------------------------------------------------
      4096 |    48.0%  |    52.0%  |    48.0%  |    64.0%  |    60.0%  | 54.4%
--------------------------------------------------------------------------------
Overall Accuracy: 54.4%

Results saved to: /home/neehal/preconditioned_linear_attention/evals/results/kda_seq2048_lr4e4/ruler/ruler_uuid_retrieval_kda_seq2048_lr4e4_2026-01-25_02-31-54.json
RULER uuid_retrieval evaluation completed: seq_len=4096 on kda_seq2048_lr4e4
