Loading model from /home/neehal/preconditioned_linear_attention/pla_language_baselines/deltanet_baseline_seq2048_lr4e4...

============================================================
Evaluating at sequence length: 2048
============================================================

  Needle depth: 0%
    Accuracy: 44.0% (22/50)

  Needle depth: 25%
    Accuracy: 70.0% (35/50)

  Needle depth: 50%
    Accuracy: 82.0% (41/50)

  Needle depth: 75%
    Accuracy: 84.0% (42/50)

  Needle depth: 100%
    Accuracy: 58.0% (29/50)

  Overall accuracy at 2048: 67.6%

================================================================================
RULER Evaluation Results: uuid_retrieval
Model: /home/neehal/preconditioned_linear_attention/pla_language_baselines/deltanet_baseline_seq2048_lr4e4
================================================================================
Seq Length | Depth 0% | Depth 25% | Depth 50% | Depth 75% | Depth 100% | Overall
--------------------------------------------------------------------------------
      2048 |    44.0%  |    70.0%  |    82.0%  |    84.0%  |    58.0%  | 67.6%
--------------------------------------------------------------------------------
Overall Accuracy: 67.6%

Results saved to: /home/neehal/preconditioned_linear_attention/evals/results/deltanet_baseline_seq2048_lr4e4/ruler/ruler_uuid_retrieval_deltanet_baseline_seq2048_lr4e4_2026-01-25_02-28-04.json
RULER uuid_retrieval evaluation completed: seq_len=2048 on deltanet_baseline_seq2048_lr4e4
