Loading model from /home/neehal/preconditioned_linear_attention/pla_language_experiments/log_space_sweep_v2/sym_x1p5_fast_init0p2...

============================================================
Evaluating at sequence length: 1024
============================================================

  Needle depth: 0%
    Accuracy: 100.0% (50/50)

  Needle depth: 25%
    Accuracy: 100.0% (50/50)

  Needle depth: 50%
    Accuracy: 100.0% (50/50)

  Needle depth: 75%
    Accuracy: 100.0% (50/50)

  Needle depth: 100%
    Accuracy: 88.0% (44/50)

  Overall accuracy at 1024: 97.6%

================================================================================
RULER Evaluation Results: passkey
Model: /home/neehal/preconditioned_linear_attention/pla_language_experiments/log_space_sweep_v2/sym_x1p5_fast_init0p2
================================================================================
Seq Length | Depth 0% | Depth 25% | Depth 50% | Depth 75% | Depth 100% | Overall
--------------------------------------------------------------------------------
      1024 |   100.0%  |   100.0%  |   100.0%  |   100.0%  |    88.0%  | 97.6%
--------------------------------------------------------------------------------
Overall Accuracy: 97.6%

Results saved to: /home/neehal/preconditioned_linear_attention/evals/results/sym_x1p5_fast_init0p2/ruler/ruler_passkey_sym_x1p5_fast_init0p2_2026-01-25_02-03-01.json
RULER Evaluation completed: seq_len=1024 on sym_x1p5_fast_init0p2
