Loading model from /home/neehal/preconditioned_linear_attention/3rdparty/flame/exp/x_sweep/kda_allow_neg_eigval...

============================================================
Evaluating at sequence length: 2048
============================================================

  Needle depth: 0%
    Accuracy: 78.0% (39/50)

  Needle depth: 25%
    Accuracy: 0.0% (0/50)

  Needle depth: 50%
    Accuracy: 64.0% (32/50)

  Needle depth: 75%
    Accuracy: 90.0% (45/50)

  Needle depth: 100%
    Accuracy: 88.0% (44/50)

  Overall accuracy at 2048: 64.0%

================================================================================
RULER Evaluation Results: uuid_retrieval
Model: /home/neehal/preconditioned_linear_attention/3rdparty/flame/exp/x_sweep/kda_allow_neg_eigval
================================================================================
Seq Length | Depth 0% | Depth 25% | Depth 50% | Depth 75% | Depth 100% | Overall
--------------------------------------------------------------------------------
      2048 |    78.0%  |     0.0%  |    64.0%  |    90.0%  |    88.0%  | 64.0%
--------------------------------------------------------------------------------
Overall Accuracy: 64.0%

Results saved to: /home/neehal/preconditioned_linear_attention/evals/results/kda_allow_neg_eigval/ruler/ruler_uuid_retrieval_kda_allow_neg_eigval_2026-01-25_02-28-22.json
RULER uuid_retrieval evaluation completed: seq_len=2048 on kda_allow_neg_eigval
