Loading model from /home/neehal/preconditioned_linear_attention/3rdparty/flame/exp/x_sweep/kda_allow_neg_eigval...

============================================================
Evaluating at sequence length: 1024
============================================================

  Needle depth: 0%
    Accuracy: 100.0% (50/50)

  Needle depth: 25%
    Accuracy: 96.0% (48/50)

  Needle depth: 50%
    Accuracy: 36.0% (18/50)

  Needle depth: 75%
    Accuracy: 68.0% (34/50)

  Needle depth: 100%
    Accuracy: 100.0% (50/50)

  Overall accuracy at 1024: 80.0%

================================================================================
RULER Evaluation Results: passkey
Model: /home/neehal/preconditioned_linear_attention/3rdparty/flame/exp/x_sweep/kda_allow_neg_eigval
================================================================================
Seq Length | Depth 0% | Depth 25% | Depth 50% | Depth 75% | Depth 100% | Overall
--------------------------------------------------------------------------------
      1024 |   100.0%  |    96.0%  |    36.0%  |    68.0%  |   100.0%  | 80.0%
--------------------------------------------------------------------------------
Overall Accuracy: 80.0%

Results saved to: /home/neehal/preconditioned_linear_attention/evals/results/kda_allow_neg_eigval/ruler/ruler_passkey_kda_allow_neg_eigval_2026-01-25_02-02-48.json
RULER Evaluation completed: seq_len=1024 on kda_allow_neg_eigval
