Loading model from /home/neehal/preconditioned_linear_attention/3rdparty/flame/exp/x_sweep/fast_x1p75...

============================================================
Evaluating at sequence length: 4096
============================================================

  Needle depth: 0%
    Accuracy: 34.0% (17/50)

  Needle depth: 25%
    Accuracy: 46.0% (23/50)

  Needle depth: 50%
    Accuracy: 54.0% (27/50)

  Needle depth: 75%
    Accuracy: 70.0% (35/50)

  Needle depth: 100%
    Accuracy: 94.0% (47/50)

  Overall accuracy at 4096: 59.6%

================================================================================
RULER Evaluation Results: kv_retrieval
Model: /home/neehal/preconditioned_linear_attention/3rdparty/flame/exp/x_sweep/fast_x1p75
================================================================================
Seq Length | Depth 0% | Depth 25% | Depth 50% | Depth 75% | Depth 100% | Overall
--------------------------------------------------------------------------------
      4096 |    34.0%  |    46.0%  |    54.0%  |    70.0%  |    94.0%  | 59.6%
--------------------------------------------------------------------------------
Overall Accuracy: 59.6%

Results saved to: /home/neehal/preconditioned_linear_attention/evals/results/precond_gated_deltanet_fast_x1p75/ruler/ruler_kv_retrieval_fast_x1p75_2026-01-25_03-21-44.json
RULER kv_retrieval evaluation completed: seq_len=4096 on precond_gated_deltanet_fast_x1p75
