Loading model from /home/neehal/preconditioned_linear_attention/3rdparty/flame/exp/x_sweep/gdn_allow_neg_eigval...

============================================================
Evaluating at sequence length: 4096
============================================================

  Needle depth: 0%
    Accuracy: 96.0% (48/50)

  Needle depth: 25%
    Accuracy: 100.0% (50/50)

  Needle depth: 50%
    Accuracy: 100.0% (50/50)

  Needle depth: 75%
    Accuracy: 100.0% (50/50)

  Needle depth: 100%
    Accuracy: 98.0% (49/50)

  Overall accuracy at 4096: 98.8%

================================================================================
RULER Evaluation Results: passkey
Model: /home/neehal/preconditioned_linear_attention/3rdparty/flame/exp/x_sweep/gdn_allow_neg_eigval
================================================================================
Seq Length | Depth 0% | Depth 25% | Depth 50% | Depth 75% | Depth 100% | Overall
--------------------------------------------------------------------------------
      4096 |    96.0%  |   100.0%  |   100.0%  |   100.0%  |    98.0%  | 98.8%
--------------------------------------------------------------------------------
Overall Accuracy: 98.8%

Results saved to: /home/neehal/preconditioned_linear_attention/evals/results/gdn_allow_neg_eigval/ruler/ruler_passkey_gdn_allow_neg_eigval_2026-01-25_02-07-35.json
RULER Evaluation completed: seq_len=4096 on gdn_allow_neg_eigval
