Loading model from /home/neehal/preconditioned_linear_attention/pla_language_baselines/gated_deltanet_seq2048_lr4e4...

============================================================
Evaluating at sequence length: 4096
============================================================

  Needle depth: 0%
    Accuracy: 20.0% (10/50)

  Needle depth: 25%
    Accuracy: 26.0% (13/50)

  Needle depth: 50%
    Accuracy: 30.0% (15/50)

  Needle depth: 75%
    Accuracy: 32.0% (16/50)

  Needle depth: 100%
    Accuracy: 72.0% (36/50)

  Overall accuracy at 4096: 36.0%

================================================================================
RULER Evaluation Results: kv_retrieval
Model: /home/neehal/preconditioned_linear_attention/pla_language_baselines/gated_deltanet_seq2048_lr4e4
================================================================================
Seq Length | Depth 0% | Depth 25% | Depth 50% | Depth 75% | Depth 100% | Overall
--------------------------------------------------------------------------------
      4096 |    20.0%  |    26.0%  |    30.0%  |    32.0%  |    72.0%  | 36.0%
--------------------------------------------------------------------------------
Overall Accuracy: 36.0%

Results saved to: /home/neehal/preconditioned_linear_attention/evals/results/gated_deltanet_seq2048_lr4e4/ruler/ruler_kv_retrieval_gated_deltanet_seq2048_lr4e4_2026-01-25_02-31-40.json
RULER kv_retrieval evaluation completed: seq_len=4096 on gated_deltanet_seq2048_lr4e4
