Loading model from /home/neehal/preconditioned_linear_attention/3rdparty/flame/exp/precond_deltanet_x_sweep_v2/fast_x1p75...

============================================================
Evaluating at sequence length: 2048
============================================================

  Needle depth: 0%
    Accuracy: 2.0% (1/50)

  Needle depth: 25%
    Accuracy: 80.0% (40/50)

  Needle depth: 50%
    Accuracy: 74.0% (37/50)

  Needle depth: 75%
    Accuracy: 48.0% (24/50)

  Needle depth: 100%
    Accuracy: 98.0% (49/50)

  Overall accuracy at 2048: 60.4%

================================================================================
RULER Evaluation Results: passkey
Model: /home/neehal/preconditioned_linear_attention/3rdparty/flame/exp/precond_deltanet_x_sweep_v2/fast_x1p75
================================================================================
Seq Length | Depth 0% | Depth 25% | Depth 50% | Depth 75% | Depth 100% | Overall
--------------------------------------------------------------------------------
      2048 |     2.0%  |    80.0%  |    74.0%  |    48.0%  |    98.0%  | 60.4%
--------------------------------------------------------------------------------
Overall Accuracy: 60.4%

Results saved to: /home/neehal/preconditioned_linear_attention/evals/results/precond_deltanet_fast_x1p75/ruler/ruler_passkey_fast_x1p75_2026-01-25_02-04-16.json
RULER Evaluation completed: seq_len=2048 on precond_deltanet_fast_x1p75
