Loading model from /home/neehal/preconditioned_linear_attention/pla_language_experiments/precond_kda_x_sweep/fast_x1p25...

============================================================
Evaluating at sequence length: 4096
============================================================

  Needle depth: 0%
    Accuracy: 0.0% (0/50)

  Needle depth: 25%
    Accuracy: 8.0% (4/50)

  Needle depth: 50%
    Accuracy: 22.0% (11/50)

  Needle depth: 75%
    Accuracy: 100.0% (50/50)

  Needle depth: 100%
    Accuracy: 100.0% (50/50)

  Overall accuracy at 4096: 46.0%

================================================================================
RULER Evaluation Results: passkey
Model: /home/neehal/preconditioned_linear_attention/pla_language_experiments/precond_kda_x_sweep/fast_x1p25
================================================================================
Seq Length | Depth 0% | Depth 25% | Depth 50% | Depth 75% | Depth 100% | Overall
--------------------------------------------------------------------------------
      4096 |     0.0%  |     8.0%  |    22.0%  |   100.0%  |   100.0%  | 46.0%
--------------------------------------------------------------------------------
Overall Accuracy: 46.0%

Results saved to: /home/neehal/preconditioned_linear_attention/evals/results/precond_kda_fast_x1p25/ruler/ruler_passkey_fast_x1p25_2026-01-25_02-07-15.json
RULER Evaluation completed: seq_len=4096 on precond_kda_fast_x1p25
