Loading model from /home/neehal/preconditioned_linear_attention/pla_language_baselines/kda_seq2048_lr4e4...

============================================================
Evaluating at sequence length: 2048
============================================================

  Needle depth: 0%
    Accuracy: 0.0% (0/50)

  Needle depth: 25%
    Accuracy: 0.0% (0/50)

  Needle depth: 50%
    Accuracy: 0.0% (0/50)

  Needle depth: 75%
    Accuracy: 4.0% (2/50)

  Needle depth: 100%
    Accuracy: 36.0% (18/50)

  Overall accuracy at 2048: 8.0%

================================================================================
RULER Evaluation Results: passkey
Model: /home/neehal/preconditioned_linear_attention/pla_language_baselines/kda_seq2048_lr4e4
================================================================================
Seq Length | Depth 0% | Depth 25% | Depth 50% | Depth 75% | Depth 100% | Overall
--------------------------------------------------------------------------------
      2048 |     0.0%  |     0.0%  |     0.0%  |     4.0%  |    36.0%  | 8.0%
--------------------------------------------------------------------------------
Overall Accuracy: 8.0%

Results saved to: /home/neehal/preconditioned_linear_attention/evals/results/kda_seq2048_lr4e4/ruler/ruler_passkey_kda_seq2048_lr4e4_2026-01-25_02-03-41.json
RULER Evaluation completed: seq_len=2048 on kda_seq2048_lr4e4
