Loading model from /home/neehal/preconditioned_linear_attention/pla_language_experiments/precond_kda_x_sweep/fast_x1p75...

============================================================
Evaluating at sequence length: 2048
============================================================

  Needle depth: 0%
    Accuracy: 18.0% (9/50)

  Needle depth: 25%
    Accuracy: 24.0% (12/50)

  Needle depth: 50%
    Accuracy: 40.0% (20/50)

  Needle depth: 75%
    Accuracy: 34.0% (17/50)

  Needle depth: 100%
    Accuracy: 70.0% (35/50)

  Overall accuracy at 2048: 37.2%

================================================================================
RULER Evaluation Results: kv_retrieval
Model: /home/neehal/preconditioned_linear_attention/pla_language_experiments/precond_kda_x_sweep/fast_x1p75
================================================================================
Seq Length | Depth 0% | Depth 25% | Depth 50% | Depth 75% | Depth 100% | Overall
--------------------------------------------------------------------------------
      2048 |    18.0%  |    24.0%  |    40.0%  |    34.0%  |    70.0%  | 37.2%
--------------------------------------------------------------------------------
Overall Accuracy: 37.2%

Results saved to: /home/neehal/preconditioned_linear_attention/evals/results/precond_kda_fast_x1p75/ruler/ruler_kv_retrieval_fast_x1p75_2026-01-25_02-28-37.json
RULER kv_retrieval evaluation completed: seq_len=2048 on precond_kda_fast_x1p75
