Loading model from /home/neehal/preconditioned_linear_attention/3rdparty/flame/exp/kda_1B_50B...

============================================================
Evaluating at sequence length: 1024
============================================================

  Needle depth: 0%
    Accuracy: 0.0% (0/50)

  Needle depth: 25%
    Accuracy: 20.0% (10/50)

  Needle depth: 50%
    Accuracy: 16.0% (8/50)

  Needle depth: 75%
    Accuracy: 48.0% (24/50)

  Needle depth: 100%
    Accuracy: 20.0% (10/50)

  Overall accuracy at 1024: 20.8%

================================================================================
RULER Evaluation Results: passkey
Model: /home/neehal/preconditioned_linear_attention/3rdparty/flame/exp/kda_1B_50B
================================================================================
Seq Length | Depth 0% | Depth 25% | Depth 50% | Depth 75% | Depth 100% | Overall
--------------------------------------------------------------------------------
      1024 |     0.0%  |    20.0%  |    16.0%  |    48.0%  |    20.0%  | 20.8%
--------------------------------------------------------------------------------
Overall Accuracy: 20.8%

Results saved to: /home/neehal/preconditioned_linear_attention/evals/results/kda_1B_50B/ruler/ruler_passkey_kda_1B_50B_2026-01-25_02-05-28.json
RULER Evaluation completed: seq_len=1024 on kda_1B_50B
