Loading model from /home/neehal/preconditioned_linear_attention/pla_language_baselines/gdn_1B_50B...

============================================================
Evaluating at sequence length: 4096
============================================================

  Needle depth: 0%
    Accuracy: 94.0% (47/50)

  Needle depth: 25%
    Accuracy: 82.0% (41/50)

  Needle depth: 50%
    Accuracy: 94.0% (47/50)

  Needle depth: 75%
    Accuracy: 92.0% (46/50)

  Needle depth: 100%
    Accuracy: 96.0% (48/50)

  Overall accuracy at 4096: 91.6%

================================================================================
RULER Evaluation Results: uuid_retrieval
Model: /home/neehal/preconditioned_linear_attention/pla_language_baselines/gdn_1B_50B
================================================================================
Seq Length | Depth 0% | Depth 25% | Depth 50% | Depth 75% | Depth 100% | Overall
--------------------------------------------------------------------------------
      4096 |    94.0%  |    82.0%  |    94.0%  |    92.0%  |    96.0%  | 91.6%
--------------------------------------------------------------------------------
Overall Accuracy: 91.6%

Results saved to: /home/neehal/preconditioned_linear_attention/evals/results/gdn_1B_50B/ruler/ruler_uuid_retrieval_gdn_1B_50B_2026-01-25_02-31-54.json
RULER uuid_retrieval evaluation completed: seq_len=4096 on gdn_1B_50B
