Loading model from /home/neehal/preconditioned_linear_attention/pla_language_baselines/kda_seq2048_lr4e4...

============================================================
Evaluating at sequence length: 1024
============================================================

  Needle depth: 0%
    Accuracy: 100.0% (50/50)

  Needle depth: 25%
    Accuracy: 100.0% (50/50)

  Needle depth: 50%
    Accuracy: 100.0% (50/50)

  Needle depth: 75%
    Accuracy: 64.0% (32/50)

  Needle depth: 100%
    Accuracy: 100.0% (50/50)

  Overall accuracy at 1024: 92.8%

================================================================================
RULER Evaluation Results: passkey
Model: /home/neehal/preconditioned_linear_attention/pla_language_baselines/kda_seq2048_lr4e4
================================================================================
Seq Length | Depth 0% | Depth 25% | Depth 50% | Depth 75% | Depth 100% | Overall
--------------------------------------------------------------------------------
      1024 |   100.0%  |   100.0%  |   100.0%  |    64.0%  |   100.0%  | 92.8%
--------------------------------------------------------------------------------
Overall Accuracy: 92.8%

Results saved to: /home/neehal/preconditioned_linear_attention/evals/results/kda_seq2048_lr4e4/ruler/ruler_passkey_kda_seq2048_lr4e4_2026-01-25_02-02-47.json
RULER Evaluation completed: seq_len=1024 on kda_seq2048_lr4e4
