Loading model from /home/neehal/preconditioned_linear_attention/3rdparty/flame/exp/x_sweep/fast_x1p25...

============================================================
Evaluating at sequence length: 4096
============================================================

  Needle depth: 0%
    Accuracy: 38.0% (19/50)

  Needle depth: 25%
    Accuracy: 34.0% (17/50)

  Needle depth: 50%
    Accuracy: 46.0% (23/50)

  Needle depth: 75%
    Accuracy: 54.0% (27/50)

  Needle depth: 100%
    Accuracy: 90.0% (45/50)

  Overall accuracy at 4096: 52.4%

================================================================================
RULER Evaluation Results: kv_retrieval
Model: /home/neehal/preconditioned_linear_attention/3rdparty/flame/exp/x_sweep/fast_x1p25
================================================================================
Seq Length | Depth 0% | Depth 25% | Depth 50% | Depth 75% | Depth 100% | Overall
--------------------------------------------------------------------------------
      4096 |    38.0%  |    34.0%  |    46.0%  |    54.0%  |    90.0%  | 52.4%
--------------------------------------------------------------------------------
Overall Accuracy: 52.4%

Results saved to: /home/neehal/preconditioned_linear_attention/evals/results/precond_gated_deltanet_fast_x1p25/ruler/ruler_kv_retrieval_fast_x1p25_2026-01-25_02-32-01.json
RULER kv_retrieval evaluation completed: seq_len=4096 on precond_gated_deltanet_fast_x1p25
