Loading model from /home/neehal/preconditioned_linear_attention/3rdparty/flame/exp/precond_deltanet_x_sweep_v2/fast_x1p75...

============================================================
Evaluating at sequence length: 2048
============================================================

  Needle depth: 0%
    Accuracy: 86.0% (43/50)

  Needle depth: 25%
    Accuracy: 98.0% (49/50)

  Needle depth: 50%
    Accuracy: 100.0% (50/50)

  Needle depth: 75%
    Accuracy: 98.0% (49/50)

  Needle depth: 100%
    Accuracy: 88.0% (44/50)

  Overall accuracy at 2048: 94.0%

================================================================================
RULER Evaluation Results: uuid_retrieval
Model: /home/neehal/preconditioned_linear_attention/3rdparty/flame/exp/precond_deltanet_x_sweep_v2/fast_x1p75
================================================================================
Seq Length | Depth 0% | Depth 25% | Depth 50% | Depth 75% | Depth 100% | Overall
--------------------------------------------------------------------------------
      2048 |    86.0%  |    98.0%  |   100.0%  |    98.0%  |    88.0%  | 94.0%
--------------------------------------------------------------------------------
Overall Accuracy: 94.0%

Results saved to: /home/neehal/preconditioned_linear_attention/evals/results/precond_deltanet_fast_x1p75/ruler/ruler_uuid_retrieval_fast_x1p75_2026-01-25_03-18-31.json
RULER uuid_retrieval evaluation completed: seq_len=2048 on precond_deltanet_fast_x1p75
