Loading model from /home/neehal/preconditioned_linear_attention/pla_language_experiments/log_space_sweep_v2/sym_x1p5_fast_init0p2...

============================================================
Evaluating at sequence length: 4096
============================================================

  Needle depth: 0%
    Accuracy: 46.0% (23/50)

  Needle depth: 25%
    Accuracy: 54.0% (27/50)

  Needle depth: 50%
    Accuracy: 52.0% (26/50)

  Needle depth: 75%
    Accuracy: 56.0% (28/50)

  Needle depth: 100%
    Accuracy: 72.0% (36/50)

  Overall accuracy at 4096: 56.0%

================================================================================
RULER Evaluation Results: kv_retrieval
Model: /home/neehal/preconditioned_linear_attention/pla_language_experiments/log_space_sweep_v2/sym_x1p5_fast_init0p2
================================================================================
Seq Length | Depth 0% | Depth 25% | Depth 50% | Depth 75% | Depth 100% | Overall
--------------------------------------------------------------------------------
      4096 |    46.0%  |    54.0%  |    52.0%  |    56.0%  |    72.0%  | 56.0%
--------------------------------------------------------------------------------
Overall Accuracy: 56.0%

Results saved to: /home/neehal/preconditioned_linear_attention/evals/results/sym_x1p5_fast_init0p2/ruler/ruler_kv_retrieval_sym_x1p5_fast_init0p2_2026-01-25_02-32-03.json
RULER kv_retrieval evaluation completed: seq_len=4096 on sym_x1p5_fast_init0p2
