Loading model from /home/neehal/preconditioned_linear_attention/pla_language_experiments/precond_kda_x_sweep/fast_x1p75...

============================================================
Evaluating at sequence length: 4096
============================================================

  Needle depth: 0%
    Accuracy: 16.0% (8/50)

  Needle depth: 25%
    Accuracy: 16.0% (8/50)

  Needle depth: 50%
    Accuracy: 14.0% (7/50)

  Needle depth: 75%
    Accuracy: 12.0% (6/50)

  Needle depth: 100%
    Accuracy: 60.0% (30/50)

  Overall accuracy at 4096: 23.6%

================================================================================
RULER Evaluation Results: kv_retrieval
Model: /home/neehal/preconditioned_linear_attention/pla_language_experiments/precond_kda_x_sweep/fast_x1p75
================================================================================
Seq Length | Depth 0% | Depth 25% | Depth 50% | Depth 75% | Depth 100% | Overall
--------------------------------------------------------------------------------
      4096 |    16.0%  |    16.0%  |    14.0%  |    12.0%  |    60.0%  | 23.6%
--------------------------------------------------------------------------------
Overall Accuracy: 23.6%

Results saved to: /home/neehal/preconditioned_linear_attention/evals/results/precond_kda_fast_x1p75/ruler/ruler_kv_retrieval_fast_x1p75_2026-01-25_03-22-01.json
RULER kv_retrieval evaluation completed: seq_len=4096 on precond_kda_fast_x1p75
