Loading model from /home/neehal/preconditioned_linear_attention/3rdparty/flame/exp/x_sweep/gdn_allow_neg_eigval...

============================================================
Evaluating at sequence length: 4096
============================================================

  Needle depth: 0%
    Accuracy: 56.0% (28/50)

  Needle depth: 25%
    Accuracy: 56.0% (28/50)

  Needle depth: 50%
    Accuracy: 52.0% (26/50)

  Needle depth: 75%
    Accuracy: 62.0% (31/50)

  Needle depth: 100%
    Accuracy: 92.0% (46/50)

  Overall accuracy at 4096: 63.6%

================================================================================
RULER Evaluation Results: kv_retrieval
Model: /home/neehal/preconditioned_linear_attention/3rdparty/flame/exp/x_sweep/gdn_allow_neg_eigval
================================================================================
Seq Length | Depth 0% | Depth 25% | Depth 50% | Depth 75% | Depth 100% | Overall
--------------------------------------------------------------------------------
      4096 |    56.0%  |    56.0%  |    52.0%  |    62.0%  |    92.0%  | 63.6%
--------------------------------------------------------------------------------
Overall Accuracy: 63.6%

Results saved to: /home/neehal/preconditioned_linear_attention/evals/results/gdn_allow_neg_eigval/ruler/ruler_kv_retrieval_gdn_allow_neg_eigval_2026-01-25_02-31-46.json
RULER kv_retrieval evaluation completed: seq_len=4096 on gdn_allow_neg_eigval
