Loading model from /home/neehal/preconditioned_linear_attention/3rdparty/flame/exp/deltanet_baseline_neg_eigval...

============================================================
Evaluating at sequence length: 2048
============================================================

  Needle depth: 0%
    Accuracy: 14.0% (7/50)

  Needle depth: 25%
    Accuracy: 14.0% (7/50)

  Needle depth: 50%
    Accuracy: 50.0% (25/50)

  Needle depth: 75%
    Accuracy: 84.0% (42/50)

  Needle depth: 100%
    Accuracy: 100.0% (50/50)

  Overall accuracy at 2048: 52.4%

================================================================================
RULER Evaluation Results: passkey
Model: /home/neehal/preconditioned_linear_attention/3rdparty/flame/exp/deltanet_baseline_neg_eigval
================================================================================
Seq Length | Depth 0% | Depth 25% | Depth 50% | Depth 75% | Depth 100% | Overall
--------------------------------------------------------------------------------
      2048 |    14.0%  |    14.0%  |    50.0%  |    84.0%  |   100.0%  | 52.4%
--------------------------------------------------------------------------------
Overall Accuracy: 52.4%

Results saved to: /home/neehal/preconditioned_linear_attention/evals/results/deltanet_baseline_neg_eigval/ruler/ruler_passkey_deltanet_baseline_neg_eigval_2026-01-25_02-03-50.json
RULER Evaluation completed: seq_len=2048 on deltanet_baseline_neg_eigval
