Loading model from /home/neehal/preconditioned_linear_attention/3rdparty/flame/exp/x_sweep/fast_x1p25...

============================================================
Evaluating at sequence length: 1024
============================================================

  Needle depth: 0%
    Accuracy: 66.0% (33/50)

  Needle depth: 25%
    Accuracy: 94.0% (47/50)

  Needle depth: 50%
    Accuracy: 100.0% (50/50)

  Needle depth: 75%
    Accuracy: 96.0% (48/50)

  Needle depth: 100%
    Accuracy: 50.0% (25/50)

  Overall accuracy at 1024: 81.2%

================================================================================
RULER Evaluation Results: uuid_retrieval
Model: /home/neehal/preconditioned_linear_attention/3rdparty/flame/exp/x_sweep/fast_x1p25
================================================================================
Seq Length | Depth 0% | Depth 25% | Depth 50% | Depth 75% | Depth 100% | Overall
--------------------------------------------------------------------------------
      1024 |    66.0%  |    94.0%  |   100.0%  |    96.0%  |    50.0%  | 81.2%
--------------------------------------------------------------------------------
Overall Accuracy: 81.2%

Results saved to: /home/neehal/preconditioned_linear_attention/evals/results/precond_gated_deltanet_fast_x1p25/ruler/ruler_uuid_retrieval_fast_x1p25_2026-01-25_03-17-10.json
RULER uuid_retrieval evaluation completed: seq_len=1024 on precond_gated_deltanet_fast_x1p25
