Loading model from /home/neehal/preconditioned_linear_attention/pla_language_experiments/precond_kda_ablation/fast_no_m_norm...

============================================================
Evaluating at sequence length: 4096
============================================================

  Needle depth: 0%
    Accuracy: 66.0% (33/50)

  Needle depth: 25%
    Accuracy: 56.0% (28/50)

  Needle depth: 50%
    Accuracy: 68.0% (34/50)

  Needle depth: 75%
    Accuracy: 66.0% (33/50)

  Needle depth: 100%
    Accuracy: 74.0% (37/50)

  Overall accuracy at 4096: 66.0%

================================================================================
RULER Evaluation Results: uuid_retrieval
Model: /home/neehal/preconditioned_linear_attention/pla_language_experiments/precond_kda_ablation/fast_no_m_norm
================================================================================
Seq Length | Depth 0% | Depth 25% | Depth 50% | Depth 75% | Depth 100% | Overall
--------------------------------------------------------------------------------
      4096 |    66.0%  |    56.0%  |    68.0%  |    66.0%  |    74.0%  | 66.0%
--------------------------------------------------------------------------------
Overall Accuracy: 66.0%

Results saved to: /home/neehal/preconditioned_linear_attention/evals/results/kda_fast_no_m_norm/ruler/ruler_uuid_retrieval_fast_no_m_norm_2026-01-25_03-23-02.json
RULER uuid_retrieval evaluation completed: seq_len=4096 on kda_fast_no_m_norm
