Loading model from /home/neehal/preconditioned_linear_attention/3rdparty/flame/exp/precond_deltanet_x_sweep_v2/fast_x1p5...

============================================================
Evaluating at sequence length: 2048
============================================================

  Needle depth: 0%
    Accuracy: 18.0% (9/50)

  Needle depth: 25%
    Accuracy: 56.0% (28/50)

  Needle depth: 50%
    Accuracy: 62.0% (31/50)

  Needle depth: 75%
    Accuracy: 72.0% (36/50)

  Needle depth: 100%
    Accuracy: 88.0% (44/50)

  Overall accuracy at 2048: 59.2%

================================================================================
RULER Evaluation Results: kv_retrieval
Model: /home/neehal/preconditioned_linear_attention/3rdparty/flame/exp/precond_deltanet_x_sweep_v2/fast_x1p5
================================================================================
Seq Length | Depth 0% | Depth 25% | Depth 50% | Depth 75% | Depth 100% | Overall
--------------------------------------------------------------------------------
      2048 |    18.0%  |    56.0%  |    62.0%  |    72.0%  |    88.0%  | 59.2%
--------------------------------------------------------------------------------
Overall Accuracy: 59.2%

Results saved to: /home/neehal/preconditioned_linear_attention/evals/results/precond_deltanet_fast_x1p5/ruler/ruler_kv_retrieval_fast_x1p5_2026-01-25_02-28-27.json
RULER kv_retrieval evaluation completed: seq_len=2048 on precond_deltanet_fast_x1p5
