Loading model from /home/neehal/preconditioned_linear_attention/3rdparty/flame/exp/precond_deltanet_x_sweep_v2/fast_x1p5...

============================================================
Evaluating at sequence length: 1024
============================================================

  Needle depth: 0%
    Accuracy: 32.0% (16/50)

  Needle depth: 25%
    Accuracy: 72.0% (36/50)

  Needle depth: 50%
    Accuracy: 76.0% (38/50)

  Needle depth: 75%
    Accuracy: 82.0% (41/50)

  Needle depth: 100%
    Accuracy: 78.0% (39/50)

  Overall accuracy at 1024: 68.0%

================================================================================
RULER Evaluation Results: kv_retrieval
Model: /home/neehal/preconditioned_linear_attention/3rdparty/flame/exp/precond_deltanet_x_sweep_v2/fast_x1p5
================================================================================
Seq Length | Depth 0% | Depth 25% | Depth 50% | Depth 75% | Depth 100% | Overall
--------------------------------------------------------------------------------
      1024 |    32.0%  |    72.0%  |    76.0%  |    82.0%  |    78.0%  | 68.0%
--------------------------------------------------------------------------------
Overall Accuracy: 68.0%

Results saved to: /home/neehal/preconditioned_linear_attention/evals/results/precond_deltanet_fast_x1p5/ruler/ruler_kv_retrieval_fast_x1p5_2026-01-25_03-17-29.json
RULER kv_retrieval evaluation completed: seq_len=1024 on precond_deltanet_fast_x1p5
