Loading model from /home/neehal/preconditioned_linear_attention/pla_language_experiments/precond_kda_ablation/fast_no_m_norm...

============================================================
Evaluating at sequence length: 1024
============================================================

  Needle depth: 0%
    Accuracy: 72.0% (36/50)

  Needle depth: 25%
    Accuracy: 90.0% (45/50)

  Needle depth: 50%
    Accuracy: 90.0% (45/50)

  Needle depth: 75%
    Accuracy: 94.0% (47/50)

  Needle depth: 100%
    Accuracy: 84.0% (42/50)

  Overall accuracy at 1024: 86.0%

================================================================================
RULER Evaluation Results: kv_retrieval
Model: /home/neehal/preconditioned_linear_attention/pla_language_experiments/precond_kda_ablation/fast_no_m_norm
================================================================================
Seq Length | Depth 0% | Depth 25% | Depth 50% | Depth 75% | Depth 100% | Overall
--------------------------------------------------------------------------------
      1024 |    72.0%  |    90.0%  |    90.0%  |    94.0%  |    84.0%  | 86.0%
--------------------------------------------------------------------------------
Overall Accuracy: 86.0%

Results saved to: /home/neehal/preconditioned_linear_attention/evals/results/kda_fast_no_m_norm/ruler/ruler_kv_retrieval_fast_no_m_norm_2026-01-25_03-17-40.json
RULER kv_retrieval evaluation completed: seq_len=1024 on kda_fast_no_m_norm
