Loading model from /home/neehal/preconditioned_linear_attention/pla_language_experiments/precond_kda_x_sweep/fast_x1p75...

============================================================
Evaluating at sequence length: 1024
============================================================

  Needle depth: 0%
    Accuracy: 88.0% (44/50)

  Needle depth: 25%
    Accuracy: 78.0% (39/50)

  Needle depth: 50%
    Accuracy: 98.0% (49/50)

  Needle depth: 75%
    Accuracy: 100.0% (50/50)

  Needle depth: 100%
    Accuracy: 100.0% (50/50)

  Overall accuracy at 1024: 92.8%

================================================================================
RULER Evaluation Results: passkey
Model: /home/neehal/preconditioned_linear_attention/pla_language_experiments/precond_kda_x_sweep/fast_x1p75
================================================================================
Seq Length | Depth 0% | Depth 25% | Depth 50% | Depth 75% | Depth 100% | Overall
--------------------------------------------------------------------------------
      1024 |    88.0%  |    78.0%  |    98.0%  |   100.0%  |   100.0%  | 92.8%
--------------------------------------------------------------------------------
Overall Accuracy: 92.8%

Results saved to: /home/neehal/preconditioned_linear_attention/evals/results/precond_kda_fast_x1p75/ruler/ruler_passkey_fast_x1p75_2026-01-25_02-02-42.json
RULER Evaluation completed: seq_len=1024 on precond_kda_fast_x1p75
