Loading model from /home/neehal/preconditioned_linear_attention/3rdparty/flame/exp/x_sweep/fast_x1p25...

============================================================
Evaluating at sequence length: 2048
============================================================

  Needle depth: 0%
    Accuracy: 56.0% (28/50)

  Needle depth: 25%
    Accuracy: 68.0% (34/50)

  Needle depth: 50%
    Accuracy: 58.0% (29/50)

  Needle depth: 75%
    Accuracy: 78.0% (39/50)

  Needle depth: 100%
    Accuracy: 88.0% (44/50)

  Overall accuracy at 2048: 69.6%

================================================================================
RULER Evaluation Results: kv_retrieval
Model: /home/neehal/preconditioned_linear_attention/3rdparty/flame/exp/x_sweep/fast_x1p25
================================================================================
Seq Length | Depth 0% | Depth 25% | Depth 50% | Depth 75% | Depth 100% | Overall
--------------------------------------------------------------------------------
      2048 |    56.0%  |    68.0%  |    58.0%  |    78.0%  |    88.0%  | 69.6%
--------------------------------------------------------------------------------
Overall Accuracy: 69.6%

Results saved to: /home/neehal/preconditioned_linear_attention/evals/results/precond_gated_deltanet_fast_x1p25/ruler/ruler_kv_retrieval_fast_x1p25_2026-01-25_03-18-29.json
RULER kv_retrieval evaluation completed: seq_len=2048 on precond_gated_deltanet_fast_x1p25
