Loading model from /home/neehal/preconditioned_linear_attention/3rdparty/flame/exp/x_sweep/kda_allow_neg_eigval...

============================================================
Evaluating at sequence length: 2048
============================================================

  Needle depth: 0%
    Accuracy: 88.0% (44/50)

  Needle depth: 25%
    Accuracy: 76.0% (38/50)

  Needle depth: 50%
    Accuracy: 86.0% (43/50)

  Needle depth: 75%
    Accuracy: 94.0% (47/50)

  Needle depth: 100%
    Accuracy: 100.0% (50/50)

  Overall accuracy at 2048: 88.8%

================================================================================
RULER Evaluation Results: passkey
Model: /home/neehal/preconditioned_linear_attention/3rdparty/flame/exp/x_sweep/kda_allow_neg_eigval
================================================================================
Seq Length | Depth 0% | Depth 25% | Depth 50% | Depth 75% | Depth 100% | Overall
--------------------------------------------------------------------------------
      2048 |    88.0%  |    76.0%  |    86.0%  |    94.0%  |   100.0%  | 88.8%
--------------------------------------------------------------------------------
Overall Accuracy: 88.8%

Results saved to: /home/neehal/preconditioned_linear_attention/evals/results/kda_allow_neg_eigval/ruler/ruler_passkey_kda_allow_neg_eigval_2026-01-25_02-03-32.json
RULER Evaluation completed: seq_len=2048 on kda_allow_neg_eigval
