Loading model from /home/neehal/preconditioned_linear_attention/pla_language_experiments/precond_kda_x_sweep/fast_x1p75...

============================================================
Evaluating at sequence length: 1024
============================================================

  Needle depth: 0%
    Accuracy: 54.0% (27/50)

  Needle depth: 25%
    Accuracy: 62.0% (31/50)

  Needle depth: 50%
    Accuracy: 54.0% (27/50)

  Needle depth: 75%
    Accuracy: 76.0% (38/50)

  Needle depth: 100%
    Accuracy: 84.0% (42/50)

  Overall accuracy at 1024: 66.0%

================================================================================
RULER Evaluation Results: kv_retrieval
Model: /home/neehal/preconditioned_linear_attention/pla_language_experiments/precond_kda_x_sweep/fast_x1p75
================================================================================
Seq Length | Depth 0% | Depth 25% | Depth 50% | Depth 75% | Depth 100% | Overall
--------------------------------------------------------------------------------
      1024 |    54.0%  |    62.0%  |    54.0%  |    76.0%  |    84.0%  | 66.0%
--------------------------------------------------------------------------------
Overall Accuracy: 66.0%

Results saved to: /home/neehal/preconditioned_linear_attention/evals/results/precond_kda_fast_x1p75/ruler/ruler_kv_retrieval_fast_x1p75_2026-01-25_02-27-26.json
RULER kv_retrieval evaluation completed: seq_len=1024 on precond_kda_fast_x1p75
