Loading model from /home/neehal/preconditioned_linear_attention/3rdparty/flame/exp/precond_deltanet_x_sweep_v2/fast_x1p5...

============================================================
Evaluating at sequence length: 4096
============================================================

  Needle depth: 0%
    Accuracy: 12.0% (6/50)

  Needle depth: 25%
    Accuracy: 28.0% (14/50)

  Needle depth: 50%
    Accuracy: 40.0% (20/50)

  Needle depth: 75%
    Accuracy: 68.0% (34/50)

  Needle depth: 100%
    Accuracy: 90.0% (45/50)

  Overall accuracy at 4096: 47.6%

================================================================================
RULER Evaluation Results: kv_retrieval
Model: /home/neehal/preconditioned_linear_attention/3rdparty/flame/exp/precond_deltanet_x_sweep_v2/fast_x1p5
================================================================================
Seq Length | Depth 0% | Depth 25% | Depth 50% | Depth 75% | Depth 100% | Overall
--------------------------------------------------------------------------------
      4096 |    12.0%  |    28.0%  |    40.0%  |    68.0%  |    90.0%  | 47.6%
--------------------------------------------------------------------------------
Overall Accuracy: 47.6%

Results saved to: /home/neehal/preconditioned_linear_attention/evals/results/precond_deltanet_fast_x1p5/ruler/ruler_kv_retrieval_fast_x1p5_2026-01-25_03-22-03.json
RULER kv_retrieval evaluation completed: seq_len=4096 on precond_deltanet_fast_x1p5
