Loading model from /home/neehal/preconditioned_linear_attention/pla_language_experiments/precond_kda_x_sweep/fast_x1p25...

============================================================
Evaluating at sequence length: 2048
============================================================

  Needle depth: 0%
    Accuracy: 44.0% (22/50)

  Needle depth: 25%
    Accuracy: 82.0% (41/50)

  Needle depth: 50%
    Accuracy: 78.0% (39/50)

  Needle depth: 75%
    Accuracy: 76.0% (38/50)

  Needle depth: 100%
    Accuracy: 92.0% (46/50)

  Overall accuracy at 2048: 74.4%

================================================================================
RULER Evaluation Results: kv_retrieval
Model: /home/neehal/preconditioned_linear_attention/pla_language_experiments/precond_kda_x_sweep/fast_x1p25
================================================================================
Seq Length | Depth 0% | Depth 25% | Depth 50% | Depth 75% | Depth 100% | Overall
--------------------------------------------------------------------------------
      2048 |    44.0%  |    82.0%  |    78.0%  |    76.0%  |    92.0%  | 74.4%
--------------------------------------------------------------------------------
Overall Accuracy: 74.4%

Results saved to: /home/neehal/preconditioned_linear_attention/evals/results/precond_kda_fast_x1p25/ruler/ruler_kv_retrieval_fast_x1p25_2026-01-25_03-18-21.json
RULER kv_retrieval evaluation completed: seq_len=2048 on precond_kda_fast_x1p25
