Loading model from /home/neehal/preconditioned_linear_attention/pla_language_experiments/precond_kda_x_sweep/fast_x1p25...

============================================================
Evaluating at sequence length: 1024
============================================================

  Needle depth: 0%
    Accuracy: 82.0% (41/50)

  Needle depth: 25%
    Accuracy: 92.0% (46/50)

  Needle depth: 50%
    Accuracy: 92.0% (46/50)

  Needle depth: 75%
    Accuracy: 96.0% (48/50)

  Needle depth: 100%
    Accuracy: 82.0% (41/50)

  Overall accuracy at 1024: 88.8%

================================================================================
RULER Evaluation Results: kv_retrieval
Model: /home/neehal/preconditioned_linear_attention/pla_language_experiments/precond_kda_x_sweep/fast_x1p25
================================================================================
Seq Length | Depth 0% | Depth 25% | Depth 50% | Depth 75% | Depth 100% | Overall
--------------------------------------------------------------------------------
      1024 |    82.0%  |    92.0%  |    92.0%  |    96.0%  |    82.0%  | 88.8%
--------------------------------------------------------------------------------
Overall Accuracy: 88.8%

Results saved to: /home/neehal/preconditioned_linear_attention/evals/results/precond_kda_fast_x1p25/ruler/ruler_kv_retrieval_fast_x1p25_2026-01-25_02-27-29.json
RULER kv_retrieval evaluation completed: seq_len=1024 on precond_kda_fast_x1p25
