Loading model from /home/neehal/preconditioned_linear_attention/pla_language_baselines/gated_deltanet_seq2048_lr4e4...

============================================================
Evaluating at sequence length: 4096
============================================================

  Needle depth: 0%
    Accuracy: 0.0% (0/50)

  Needle depth: 25%
    Accuracy: 74.0% (37/50)

  Needle depth: 50%
    Accuracy: 98.0% (49/50)

  Needle depth: 75%
    Accuracy: 100.0% (50/50)

  Needle depth: 100%
    Accuracy: 100.0% (50/50)

  Overall accuracy at 4096: 74.4%

================================================================================
RULER Evaluation Results: passkey
Model: /home/neehal/preconditioned_linear_attention/pla_language_baselines/gated_deltanet_seq2048_lr4e4
================================================================================
Seq Length | Depth 0% | Depth 25% | Depth 50% | Depth 75% | Depth 100% | Overall
--------------------------------------------------------------------------------
      4096 |     0.0%  |    74.0%  |    98.0%  |   100.0%  |   100.0%  | 74.4%
--------------------------------------------------------------------------------
Overall Accuracy: 74.4%

Results saved to: /home/neehal/preconditioned_linear_attention/evals/results/gated_deltanet_seq2048_lr4e4/ruler/ruler_passkey_gated_deltanet_seq2048_lr4e4_2026-01-25_02-07-10.json
RULER Evaluation completed: seq_len=4096 on gated_deltanet_seq2048_lr4e4
