Loading model from /home/neehal/preconditioned_linear_attention/pla_language_baselines/deltanet_baseline_seq2048_lr4e4...

============================================================
Evaluating at sequence length: 4096
============================================================

  Needle depth: 0%
    Accuracy: 0.0% (0/50)

  Needle depth: 25%
    Accuracy: 0.0% (0/50)

  Needle depth: 50%
    Accuracy: 0.0% (0/50)

  Needle depth: 75%
    Accuracy: 0.0% (0/50)

  Needle depth: 100%
    Accuracy: 0.0% (0/50)

  Overall accuracy at 4096: 0.0%

================================================================================
RULER Evaluation Results: passkey
Model: /home/neehal/preconditioned_linear_attention/pla_language_baselines/deltanet_baseline_seq2048_lr4e4
================================================================================
Seq Length | Depth 0% | Depth 25% | Depth 50% | Depth 75% | Depth 100% | Overall
--------------------------------------------------------------------------------
      4096 |     0.0%  |     0.0%  |     0.0%  |     0.0%  |     0.0%  | 0.0%
--------------------------------------------------------------------------------
Overall Accuracy: 0.0%

Results saved to: /home/neehal/preconditioned_linear_attention/evals/results/deltanet_baseline_seq2048_lr4e4/ruler/ruler_passkey_deltanet_baseline_seq2048_lr4e4_2026-01-25_02-07-14.json
RULER Evaluation completed: seq_len=4096 on deltanet_baseline_seq2048_lr4e4
