Loading model from /home/neehal/preconditioned_linear_attention/3rdparty/flame/exp/precond_deltanet_x_sweep_v2/fast_x1p25...

============================================================
Evaluating at sequence length: 4096
============================================================

  Needle depth: 0%
    Accuracy: 42.0% (21/50)

  Needle depth: 25%
    Accuracy: 42.0% (21/50)

  Needle depth: 50%
    Accuracy: 68.0% (34/50)

  Needle depth: 75%
    Accuracy: 64.0% (32/50)

  Needle depth: 100%
    Accuracy: 80.0% (40/50)

  Overall accuracy at 4096: 59.2%

================================================================================
RULER Evaluation Results: uuid_retrieval
Model: /home/neehal/preconditioned_linear_attention/3rdparty/flame/exp/precond_deltanet_x_sweep_v2/fast_x1p25
================================================================================
Seq Length | Depth 0% | Depth 25% | Depth 50% | Depth 75% | Depth 100% | Overall
--------------------------------------------------------------------------------
      4096 |    42.0%  |    42.0%  |    68.0%  |    64.0%  |    80.0%  | 59.2%
--------------------------------------------------------------------------------
Overall Accuracy: 59.2%

Results saved to: /home/neehal/preconditioned_linear_attention/evals/results/precond_deltanet_fast_x1p25/ruler/ruler_uuid_retrieval_fast_x1p25_2026-01-25_02-32-51.json
RULER uuid_retrieval evaluation completed: seq_len=4096 on precond_deltanet_fast_x1p25
