Loading model from /home/neehal/preconditioned_linear_attention/3rdparty/flame/exp/kda_1B_50B...

============================================================
Evaluating at sequence length: 1024
============================================================

  Needle depth: 0%
    Accuracy: 78.0% (39/50)

  Needle depth: 25%
    Accuracy: 34.0% (17/50)

  Needle depth: 50%
    Accuracy: 66.0% (33/50)

  Needle depth: 75%
    Accuracy: 14.0% (7/50)

  Needle depth: 100%
    Accuracy: 68.0% (34/50)

  Overall accuracy at 1024: 52.0%

================================================================================
RULER Evaluation Results: kv_retrieval
Model: /home/neehal/preconditioned_linear_attention/3rdparty/flame/exp/kda_1B_50B
================================================================================
Seq Length | Depth 0% | Depth 25% | Depth 50% | Depth 75% | Depth 100% | Overall
--------------------------------------------------------------------------------
      1024 |    78.0%  |    34.0%  |    66.0%  |    14.0%  |    68.0%  | 52.0%
--------------------------------------------------------------------------------
Overall Accuracy: 52.0%

Results saved to: /home/neehal/preconditioned_linear_attention/evals/results/kda_1B_50B/ruler/ruler_kv_retrieval_kda_1B_50B_2026-01-25_02-27-51.json
RULER kv_retrieval evaluation completed: seq_len=1024 on kda_1B_50B
