Loading model from /home/neehal/preconditioned_linear_attention/3rdparty/flame/exp/kda_1B_50B...

============================================================
Evaluating at sequence length: 4096
============================================================

  Needle depth: 0%
    Accuracy: 96.0% (48/50)

  Needle depth: 25%
    Accuracy: 82.0% (41/50)

  Needle depth: 50%
    Accuracy: 94.0% (47/50)

  Needle depth: 75%
    Accuracy: 94.0% (47/50)

  Needle depth: 100%
    Accuracy: 96.0% (48/50)

  Overall accuracy at 4096: 92.4%

================================================================================
RULER Evaluation Results: kv_retrieval
Model: /home/neehal/preconditioned_linear_attention/3rdparty/flame/exp/kda_1B_50B
================================================================================
Seq Length | Depth 0% | Depth 25% | Depth 50% | Depth 75% | Depth 100% | Overall
--------------------------------------------------------------------------------
      4096 |    96.0%  |    82.0%  |    94.0%  |    94.0%  |    96.0%  | 92.4%
--------------------------------------------------------------------------------
Overall Accuracy: 92.4%

Results saved to: /home/neehal/preconditioned_linear_attention/evals/results/kda_1B_50B/ruler/ruler_kv_retrieval_kda_1B_50B_2026-01-25_02-32-22.json
RULER kv_retrieval evaluation completed: seq_len=4096 on kda_1B_50B
