Loading model from /home/neehal/preconditioned_linear_attention/pla_language_experiments/precond_kda_ablation/fast_no_m_norm...

============================================================
Evaluating at sequence length: 2048
============================================================

  Needle depth: 0%
    Accuracy: 46.0% (23/50)

  Needle depth: 25%
    Accuracy: 74.0% (37/50)

  Needle depth: 50%
    Accuracy: 72.0% (36/50)

  Needle depth: 75%
    Accuracy: 80.0% (40/50)

  Needle depth: 100%
    Accuracy: 68.0% (34/50)

  Overall accuracy at 2048: 68.0%

================================================================================
RULER Evaluation Results: kv_retrieval
Model: /home/neehal/preconditioned_linear_attention/pla_language_experiments/precond_kda_ablation/fast_no_m_norm
================================================================================
Seq Length | Depth 0% | Depth 25% | Depth 50% | Depth 75% | Depth 100% | Overall
--------------------------------------------------------------------------------
      2048 |    46.0%  |    74.0%  |    72.0%  |    80.0%  |    68.0%  | 68.0%
--------------------------------------------------------------------------------
Overall Accuracy: 68.0%

Results saved to: /home/neehal/preconditioned_linear_attention/evals/results/kda_fast_no_m_norm/ruler/ruler_kv_retrieval_fast_no_m_norm_2026-01-25_03-18-16.json
RULER kv_retrieval evaluation completed: seq_len=2048 on kda_fast_no_m_norm
