Loading model from /home/neehal/preconditioned_linear_attention/pla_language_baselines/kda_seq2048_lr4e4...

============================================================
Evaluating at sequence length: 1024
============================================================

  Needle depth: 0%
    Accuracy: 44.0% (22/50)

  Needle depth: 25%
    Accuracy: 78.0% (39/50)

  Needle depth: 50%
    Accuracy: 26.0% (13/50)

  Needle depth: 75%
    Accuracy: 66.0% (33/50)

  Needle depth: 100%
    Accuracy: 72.0% (36/50)

  Overall accuracy at 1024: 57.2%

================================================================================
RULER Evaluation Results: uuid_retrieval
Model: /home/neehal/preconditioned_linear_attention/pla_language_baselines/kda_seq2048_lr4e4
================================================================================
Seq Length | Depth 0% | Depth 25% | Depth 50% | Depth 75% | Depth 100% | Overall
--------------------------------------------------------------------------------
      1024 |    44.0%  |    78.0%  |    26.0%  |    66.0%  |    72.0%  | 57.2%
--------------------------------------------------------------------------------
Overall Accuracy: 57.2%

Results saved to: /home/neehal/preconditioned_linear_attention/evals/results/kda_seq2048_lr4e4/ruler/ruler_uuid_retrieval_kda_seq2048_lr4e4_2026-01-25_02-27-30.json
RULER uuid_retrieval evaluation completed: seq_len=1024 on kda_seq2048_lr4e4
