Loading model from /home/neehal/preconditioned_linear_attention/3rdparty/flame/exp/deltanet_baseline_neg_eigval...

============================================================
Evaluating at sequence length: 1024
============================================================

  Needle depth: 0%
    Accuracy: 66.0% (33/50)

  Needle depth: 25%
    Accuracy: 76.0% (38/50)

  Needle depth: 50%
    Accuracy: 84.0% (42/50)

  Needle depth: 75%
    Accuracy: 92.0% (46/50)

  Needle depth: 100%
    Accuracy: 78.0% (39/50)

  Overall accuracy at 1024: 79.2%

================================================================================
RULER Evaluation Results: uuid_retrieval
Model: /home/neehal/preconditioned_linear_attention/3rdparty/flame/exp/deltanet_baseline_neg_eigval
================================================================================
Seq Length | Depth 0% | Depth 25% | Depth 50% | Depth 75% | Depth 100% | Overall
--------------------------------------------------------------------------------
      1024 |    66.0%  |    76.0%  |    84.0%  |    92.0%  |    78.0%  | 79.2%
--------------------------------------------------------------------------------
Overall Accuracy: 79.2%

Results saved to: /home/neehal/preconditioned_linear_attention/evals/results/deltanet_baseline_neg_eigval/ruler/ruler_uuid_retrieval_deltanet_baseline_neg_eigval_2026-01-25_02-27-25.json
RULER uuid_retrieval evaluation completed: seq_len=1024 on deltanet_baseline_neg_eigval
