Loading model from /home/neehal/preconditioned_linear_attention/3rdparty/flame/exp/precond_deltanet_x_sweep_v2/fast_x1p25...

============================================================
Evaluating at sequence length: 2048
============================================================

  Needle depth: 0%
    Accuracy: 0.0% (0/50)

  Needle depth: 25%
    Accuracy: 48.0% (24/50)

  Needle depth: 50%
    Accuracy: 40.0% (20/50)

  Needle depth: 75%
    Accuracy: 48.0% (24/50)

  Needle depth: 100%
    Accuracy: 100.0% (50/50)

  Overall accuracy at 2048: 47.2%

================================================================================
RULER Evaluation Results: passkey
Model: /home/neehal/preconditioned_linear_attention/3rdparty/flame/exp/precond_deltanet_x_sweep_v2/fast_x1p25
================================================================================
Seq Length | Depth 0% | Depth 25% | Depth 50% | Depth 75% | Depth 100% | Overall
--------------------------------------------------------------------------------
      2048 |     0.0%  |    48.0%  |    40.0%  |    48.0%  |   100.0%  | 47.2%
--------------------------------------------------------------------------------
Overall Accuracy: 47.2%

Results saved to: /home/neehal/preconditioned_linear_attention/evals/results/precond_deltanet_fast_x1p25/ruler/ruler_passkey_fast_x1p25_2026-01-25_02-03-51.json
RULER Evaluation completed: seq_len=2048 on precond_deltanet_fast_x1p25
