Loading model from /home/neehal/preconditioned_linear_attention/3rdparty/flame/exp/precond_deltanet_x_sweep/fast_x1p5...

============================================================
Evaluating at sequence length: 4096
============================================================

  Needle depth: 0%
    Accuracy: 0.0% (0/50)

  Needle depth: 25%
    Accuracy: 0.0% (0/50)

  Needle depth: 50%
    Accuracy: 0.0% (0/50)

  Needle depth: 75%
    Accuracy: 0.0% (0/50)

  Needle depth: 100%
    Accuracy: 0.0% (0/50)

  Overall accuracy at 4096: 0.0%

================================================================================
RULER Evaluation Results: kv_retrieval
Model: /home/neehal/preconditioned_linear_attention/3rdparty/flame/exp/precond_deltanet_x_sweep/fast_x1p5
================================================================================
Seq Length | Depth 0% | Depth 25% | Depth 50% | Depth 75% | Depth 100% | Overall
--------------------------------------------------------------------------------
      4096 |     0.0%  |     0.0%  |     0.0%  |     0.0%  |     0.0%  | 0.0%
--------------------------------------------------------------------------------
Overall Accuracy: 0.0%

Results saved to: /home/neehal/preconditioned_linear_attention/evals/results/precond_deltanet_x1p5/ruler/ruler_kv_retrieval_fast_x1p5_2026-01-25_02-33-00.json
RULER kv_retrieval evaluation completed: seq_len=4096 on precond_deltanet_x1p5
