Loading model from /home/neehal/preconditioned_linear_attention/3rdparty/flame/exp/kda_1B_50B...

============================================================
Evaluating at sequence length: 1024
============================================================

  Needle depth: 0%
    Accuracy: 4.0% (2/50)

  Needle depth: 25%
    Accuracy: 18.0% (9/50)

  Needle depth: 50%
    Accuracy: 98.0% (49/50)

  Needle depth: 75%
    Accuracy: 46.0% (23/50)

  Needle depth: 100%
    Accuracy: 20.0% (10/50)

  Overall accuracy at 1024: 37.2%

================================================================================
RULER Evaluation Results: uuid_retrieval
Model: /home/neehal/preconditioned_linear_attention/3rdparty/flame/exp/kda_1B_50B
================================================================================
Seq Length | Depth 0% | Depth 25% | Depth 50% | Depth 75% | Depth 100% | Overall
--------------------------------------------------------------------------------
      1024 |     4.0%  |    18.0%  |    98.0%  |    46.0%  |    20.0%  | 37.2%
--------------------------------------------------------------------------------
Overall Accuracy: 37.2%

Results saved to: /home/neehal/preconditioned_linear_attention/evals/results/kda_1B_50B/ruler/ruler_uuid_retrieval_kda_1B_50B_2026-01-25_02-27-44.json
RULER uuid_retrieval evaluation completed: seq_len=1024 on kda_1B_50B
